2025-10-08 12:25:12,019 - INFO - 현재 base_dir: /Users/gm2hapkido/Desktop/라이온개발자/블로그자동화/config/naver-blog-automation/modules
2025-10-08 12:25:12,019 - INFO - 경로 1 시도: /Users/gm2hapkido/Desktop/라이온개발자/블로그자동화/config/naver-blog-automation/시리얼관리/serials.db
2025-10-08 12:25:12,019 - INFO - ✅ 시리얼 DB 발견: /Users/gm2hapkido/Desktop/라이온개발자/블로그자동화/config/naver-blog-automation/시리얼관리/serials.db
2025-10-08 12:25:12,019 - INFO - Assets path configured: /Users/gm2hapkido/Desktop/라이온개발자/블로그자동화/config/naver-blog-automation/assets
2025-10-08 12:25:12,020 - INFO - Starting up UDS server on /var/folders/yp/_8rr9xmn3x94hg1bcvzv5hq80000gn/T/ixcDgzIv3K
2025-10-08 12:25:12,020 - INFO - Flet app has started...
2025-10-08 12:25:12,022 - INFO - App URL: /var/folders/yp/_8rr9xmn3x94hg1bcvzv5hq80000gn/T/ixcDgzIv3K
2025-10-08 12:25:12,022 - INFO - Starting Flet View app...
2025-10-08 12:25:12,022 - INFO - Flet View found in: /Users/gm2hapkido/.flet/bin/flet-0.27.4
2025-10-08 12:25:12,250 - INFO - App session started
2025-10-08 12:25:12,251 - INFO - 설정 파일 저장 완료
2025-10-08 12:25:25,307 - ERROR - Future exception was never retrieved
future: <Future finished exception=AttributeError("'Page' object has no attribute 'window_destroy'")>
Traceback (most recent call last):
  File "/opt/homebrew/Cellar/python@3.13/3.13.4/Frameworks/Python.framework/Versions/3.13/lib/python3.13/concurrent/futures/thread.py", line 59, in run
    result = self.fn(*self.args, **self.kwargs)
  File "/Users/gm2hapkido/Desktop/라이온개발자/블로그자동화/config/naver-blog-automation/venv/lib/python3.13/site-packages/flet/core/page.py", line 903, in wrapper
    handler(*args)
    ~~~~~~~^^^^^^^
  File "/Users/gm2hapkido/Desktop/라이온개발자/블로그자동화/config/naver-blog-automation/serial_auth_window.py", line 176, in on_cancel
    page.window_destroy()
    ^^^^^^^^^^^^^^^^^^^
AttributeError: 'Page' object has no attribute 'window_destroy'
2025-10-08 12:27:16,616 - INFO - 현재 base_dir: /Users/gm2hapkido/Desktop/라이온개발자/블로그자동화/config/naver-blog-automation/modules
2025-10-08 12:27:16,616 - INFO - 경로 1 시도: /Users/gm2hapkido/Desktop/라이온개발자/블로그자동화/config/naver-blog-automation/시리얼관리/serials.db
2025-10-08 12:27:16,616 - INFO - ✅ 시리얼 DB 발견: /Users/gm2hapkido/Desktop/라이온개발자/블로그자동화/config/naver-blog-automation/시리얼관리/serials.db
2025-10-08 12:27:16,616 - INFO - Assets path configured: /Users/gm2hapkido/Desktop/라이온개발자/블로그자동화/config/naver-blog-automation/assets
2025-10-08 12:27:16,617 - INFO - Starting up UDS server on /var/folders/yp/_8rr9xmn3x94hg1bcvzv5hq80000gn/T/FwkGA9KPIl
2025-10-08 12:27:16,617 - INFO - Flet app has started...
2025-10-08 12:27:16,619 - INFO - App URL: /var/folders/yp/_8rr9xmn3x94hg1bcvzv5hq80000gn/T/FwkGA9KPIl
2025-10-08 12:27:16,619 - INFO - Starting Flet View app...
2025-10-08 12:27:16,619 - INFO - Flet View found in: /Users/gm2hapkido/.flet/bin/flet-0.27.4
2025-10-08 12:27:16,839 - INFO - App session started
2025-10-08 23:19:48,440 - INFO - 🔧 개발자 모드 활성화 - 시리얼 인증 우회
2025-10-08 23:19:48,440 - INFO - 현재 base_dir: /Users/gm2hapkido/Desktop/라이온개발자/블로그자동화/config/naver-blog-automation/modules
2025-10-08 23:19:48,440 - INFO - 경로 1 시도: /Users/gm2hapkido/Desktop/라이온개발자/블로그자동화/config/naver-blog-automation/시리얼관리/serials.db
2025-10-08 23:19:48,440 - INFO - ✅ 시리얼 DB 발견: /Users/gm2hapkido/Desktop/라이온개발자/블로그자동화/config/naver-blog-automation/시리얼관리/serials.db
2025-10-08 23:32:02,177 - INFO - 🔧 개발자 모드 활성화 - 시리얼 인증 우회
2025-10-08 23:32:02,177 - INFO - 현재 base_dir: /Users/gm2hapkido/Desktop/라이온개발자/블로그자동화/config/naver-blog-automation/modules
2025-10-08 23:32:02,177 - INFO - 경로 1 시도: /Users/gm2hapkido/Desktop/라이온개발자/블로그자동화/config/naver-blog-automation/시리얼관리/serials.db
2025-10-08 23:32:02,177 - INFO - ✅ 시리얼 DB 발견: /Users/gm2hapkido/Desktop/라이온개발자/블로그자동화/config/naver-blog-automation/시리얼관리/serials.db
2025-10-08 23:37:43,175 - INFO - 🔧 개발자 모드 활성화 - 시리얼 인증 우회
2025-10-08 23:37:43,176 - INFO - 현재 base_dir: /Users/gm2hapkido/Desktop/라이온개발자/블로그자동화/config/naver-blog-automation/modules
2025-10-08 23:37:43,176 - INFO - 🎯 라이온개발자 폴더 시리얼 DB 사용: /Users/gm2hapkido/Desktop/라이온개발자/시리얼관리/serials.db
2025-10-08 23:37:55,441 - INFO - 🔧 개발자 모드 활성화 - 시리얼 인증 우회
2025-10-08 23:37:55,441 - INFO - 현재 base_dir: /Users/gm2hapkido/Desktop/라이온개발자/블로그자동화/config/naver-blog-automation/modules
2025-10-08 23:37:55,441 - INFO - 🎯 라이온개발자 폴더 시리얼 DB 사용: /Users/gm2hapkido/Desktop/라이온개발자/시리얼관리/serials.db
2025-12-08 11:24:02,434 - INFO - 현재 base_dir: /Users/gm2hapkido/Desktop/라이온개발자/블로그자동화/config/naver-blog-automation/modules
2025-12-08 11:24:02,434 - INFO - 경로 1 시도: /Users/gm2hapkido/Desktop/라이온개발자/시리얼관리/serials.db
2025-12-08 11:24:02,434 - INFO - ✅ 시리얼 DB 발견: /Users/gm2hapkido/Desktop/라이온개발자/시리얼관리/serials.db
2025-12-08 11:24:02,435 - INFO - Assets path configured: /Users/gm2hapkido/Desktop/라이온개발자/블로그자동화/config/naver-blog-automation/assets
2025-12-08 11:24:02,436 - INFO - Starting up UDS server on /var/folders/yp/_8rr9xmn3x94hg1bcvzv5hq80000gn/T/iNjZ1MM0K5
2025-12-08 11:24:02,436 - INFO - Flet app has started...
2025-12-08 11:24:02,437 - INFO - App URL: /var/folders/yp/_8rr9xmn3x94hg1bcvzv5hq80000gn/T/iNjZ1MM0K5
2025-12-08 11:24:02,437 - INFO - Starting Flet View app...
2025-12-08 11:24:02,438 - INFO - Flet View found in: /Users/gm2hapkido/.flet/bin/flet-0.27.4
2025-12-08 11:24:02,670 - INFO - App session started
2025-12-08 11:24:02,671 - INFO - 설정 파일 저장 완료
2025-12-08 11:25:28,290 - INFO - 현재 base_dir: /Users/gm2hapkido/Desktop/라이온개발자/블로그자동화/config/naver-blog-automation/modules
2025-12-08 11:25:28,290 - INFO - 경로 1 시도: /Users/gm2hapkido/Desktop/라이온개발자/시리얼관리/serials.db
2025-12-08 11:25:28,290 - INFO - ✅ 시리얼 DB 발견: /Users/gm2hapkido/Desktop/라이온개발자/시리얼관리/serials.db
2025-12-08 11:25:28,291 - INFO - Assets path configured: /Users/gm2hapkido/Desktop/라이온개발자/블로그자동화/config/naver-blog-automation/assets
2025-12-08 11:25:28,292 - INFO - Starting up UDS server on /var/folders/yp/_8rr9xmn3x94hg1bcvzv5hq80000gn/T/vjq6aLAw9f
2025-12-08 11:25:28,292 - INFO - Flet app has started...
2025-12-08 11:25:28,293 - INFO - App URL: /var/folders/yp/_8rr9xmn3x94hg1bcvzv5hq80000gn/T/vjq6aLAw9f
2025-12-08 11:25:28,293 - INFO - Starting Flet View app...
2025-12-08 11:25:28,293 - INFO - Flet View found in: /Users/gm2hapkido/.flet/bin/flet-0.27.4
2025-12-08 11:25:28,507 - INFO - App session started
2025-12-08 12:00:22,881 - INFO - 현재 base_dir: /Users/gm2hapkido/Desktop/라이온개발자/블로그자동화/config/naver-blog-automation/modules
2025-12-08 12:00:22,881 - INFO - 경로 1 시도: /Users/gm2hapkido/Desktop/라이온개발자/시리얼관리/serials.db
2025-12-08 12:00:22,881 - INFO - ✅ 시리얼 DB 발견: /Users/gm2hapkido/Desktop/라이온개발자/시리얼관리/serials.db
2025-12-08 12:00:22,882 - INFO - Assets path configured: /Users/gm2hapkido/Desktop/라이온개발자/블로그자동화/config/naver-blog-automation/assets
2025-12-08 12:00:22,882 - INFO - Starting up UDS server on /var/folders/yp/_8rr9xmn3x94hg1bcvzv5hq80000gn/T/rd2L6HTGSx
2025-12-08 12:00:22,883 - INFO - Flet app has started...
2025-12-08 12:00:22,884 - INFO - App URL: /var/folders/yp/_8rr9xmn3x94hg1bcvzv5hq80000gn/T/rd2L6HTGSx
2025-12-08 12:00:22,884 - INFO - Starting Flet View app...
2025-12-08 12:00:22,884 - INFO - Flet View found in: /Users/gm2hapkido/.flet/bin/flet-0.27.4
2025-12-08 12:00:23,095 - INFO - App session started
2025-12-08 12:00:39,742 - WARNING - 서버 검증 실패: 서버 인증 실패
2025-12-08 12:00:39,744 - INFO - 설정 파일 저장 완료
2025-12-08 12:00:39,744 - INFO - 시리얼 검증 저장: ea920794-39ca-458d-b2ad-4681b6a4aaa7
2025-12-08 12:00:39,809 - INFO - 디바이스 정보 수집 완료: {'hostname': 'lionui-MacBookAir.local', 'ip_address': '218.38.137.28', 'system_manufacturer': 'Apple', 'os_name': 'Darwin', 'os_version': 'Darwin Kernel Version 24.6.0: Mon Jul 14 11:30:51 PDT 2025; root:xnu-11417.140.69~1/RELEASE_ARM64_T8112', 'processor': 'Apple M2', 'registration_date': '2025-12-08 12:00:39', 'system_model': 'Mac14,15', 'total_memory': '8.00GB'}
2025-12-08 12:00:39,810 - INFO - 같은 디바이스 시리얼 정리 시작 - 호스트: lionui-MacBookAir.local, 앱: 블로그자동화
2025-12-08 12:00:39,810 - INFO - 보호 대상 시리얼: ea920794... (설정 파일)
2025-12-08 12:00:39,810 - INFO - 정리할 같은 디바이스 시리얼 없음
2025-12-08 12:00:39,810 - INFO - 업데이트 시도: ea920794-39ca-458d-b2ad-4681b6a4aaa7, 디바이스 정보 길이: 367
2025-12-08 12:00:39,810 - INFO - 업데이트된 행 수: 1
2025-12-08 12:00:39,811 - INFO - 업데이트 후 확인 - 디바이스 정보 길이: 367, 사용횟수: 2
2025-12-08 12:00:39,811 - INFO - 디바이스 정보 및 사용횟수 업데이트 완료: ea920794-39ca-458d-b2ad-4681b6a4aaa7 (사용횟수: 2)
2025-12-08 12:00:39,811 - INFO - 서버 업데이트 데이터: {'device_info': {'hostname': 'lionui-MacBookAir.local', 'ip_address': '218.38.137.28', 'system_manufacturer': 'Apple', 'os_name': 'Darwin', 'os_version': 'Darwin Kernel Version 24.6.0: Mon Jul 14 11:30:51 PDT 2025; root:xnu-11417.140.69~1/RELEASE_ARM64_T8112', 'processor': 'Apple M2', 'registration_date': '2025-12-08 12:00:39', 'system_model': 'Mac14,15', 'total_memory': '8.00GB'}, 'activation_count': 2, 'status': '사용중', 'expiry_date': '2026-05-30'}
2025-12-08 12:00:41,488 - INFO - 서버 업데이트 성공
2026-01-29 20:36:25,241 - INFO - 개발자 모드 감지 - 시리얼 인증을 건너뜁니다.
2026-01-29 20:36:25,242 - INFO - 현재 base_dir: /Users/gm2hapkido/Desktop/라이온개발자/modules
2026-01-29 20:36:25,242 - INFO - 경로 1 시도: /Users/gm2hapkido/Desktop/라이온개발자/시리얼관리/serials.db
2026-01-29 20:36:25,242 - INFO - ✅ 시리얼 DB 발견: /Users/gm2hapkido/Desktop/라이온개발자/시리얼관리/serials.db
2026-01-29 20:36:25,782 - INFO - 디바이스 정보 수집 완료: {'hostname': 'lionui-MacBookAir.local', 'ip_address': '127.0.0.1', 'system_manufacturer': 'Apple', 'os_name': 'Darwin', 'os_version': 'Darwin Kernel Version 24.6.0: Mon Jul 14 11:30:51 PDT 2025; root:xnu-11417.140.69~1/RELEASE_ARM64_T8112', 'processor': 'Apple M2', 'registration_date': '2026-01-29 20:36:25', 'system_model': 'Mac14,15', 'total_memory': '8.00GB'}
2026-01-29 20:37:19,175 - INFO - 개발자 모드 감지 - 시리얼 인증을 건너뜁니다.
2026-01-29 20:37:19,175 - INFO - 현재 base_dir: /Users/gm2hapkido/Desktop/라이온개발자/modules
2026-01-29 20:37:19,176 - INFO - 경로 1 시도: /Users/gm2hapkido/Desktop/라이온개발자/시리얼관리/serials.db
2026-01-29 20:37:19,176 - INFO - ✅ 시리얼 DB 발견: /Users/gm2hapkido/Desktop/라이온개발자/시리얼관리/serials.db
2026-01-29 20:37:19,176 - INFO - update_device_info_and_usage 호출: ea920794-39ca-458d-b2ad-4681b6a4aaa7
2026-01-29 20:37:19,193 - INFO - 디바이스 정보 수집 완료: {'hostname': 'lionui-MacBookAir.local', 'ip_address': '127.0.0.1', 'system_manufacturer': 'Apple', 'os_name': 'Darwin', 'os_version': 'Darwin Kernel Version 24.6.0: Mon Jul 14 11:30:51 PDT 2025; root:xnu-11417.140.69~1/RELEASE_ARM64_T8112', 'processor': 'Apple M2', 'registration_date': '2026-01-29 20:37:19', 'system_model': 'Mac14,15', 'total_memory': '8.00GB'}
2026-01-29 20:37:19,195 - INFO - 같은 디바이스 시리얼 정리 시작 - 호스트: lionui-MacBookAir.local, 앱: 블로그자동화
2026-01-29 20:37:19,195 - INFO - 보호 대상 시리얼: 6270ebfd... (설정 파일)
2026-01-29 20:37:19,196 - INFO - 정리할 같은 디바이스 시리얼 없음
2026-01-29 20:37:19,196 - INFO - 로컬 DB 업데이트 시도: ea920794-39ca-458d-b2ad-4681b6a4aaa7
2026-01-29 20:37:19,197 - INFO - 로컬 DB 업데이트 완료: ea920794-39ca-458d-b2ad-4681b6a4aaa7 (사용횟수: 2)
2026-01-29 20:37:19,197 - INFO - 서버 업데이트 시도: ea920794-39ca-458d-b2ad-4681b6a4aaa7, 데이터: {'device_info': {'hostname': 'lionui-MacBookAir.local', 'ip_address': '127.0.0.1', 'system_manufacturer': 'Apple', 'os_name': 'Darwin', 'os_version': 'Darwin Kernel Version 24.6.0: Mon Jul 14 11:30:51 PDT 2025; root:xnu-11417.140.69~1/RELEASE_ARM64_T8112', 'processor': 'Apple M2', 'registration_date': '2026-01-29 20:37:19', 'system_model': 'Mac14,15', 'total_memory': '8.00GB', 'app_name': '블로그자동화'}, 'activation_count': 2, 'status': '사용중', 'expiry_date': '2026-07-17'}
2026-01-29 20:37:21,004 - INFO - 서버 업데이트 성공
2026-01-29 20:37:36,937 - INFO - 개발자 모드 감지 - 시리얼 인증을 건너뜁니다.
2026-01-29 20:37:36,937 - INFO - 현재 base_dir: /Users/gm2hapkido/Desktop/라이온개발자/modules
2026-01-29 20:37:36,937 - INFO - 경로 1 시도: /Users/gm2hapkido/Desktop/라이온개발자/시리얼관리/serials.db
2026-01-29 20:37:36,937 - INFO - ✅ 시리얼 DB 발견: /Users/gm2hapkido/Desktop/라이온개발자/시리얼관리/serials.db
2026-01-30 11:36:07,957 - INFO - 개발자 모드 감지 - 시리얼 인증을 건너뜁니다.
2026-01-30 11:36:07,958 - INFO - 현재 base_dir: /Users/gm2hapkido/Desktop/라이온개발자/modules
2026-01-30 11:36:07,958 - INFO - 경로 1 시도: /Users/gm2hapkido/Desktop/라이온개발자/시리얼관리/serials.db
2026-01-30 11:36:07,958 - INFO - ✅ 시리얼 DB 발견: /Users/gm2hapkido/Desktop/라이온개발자/시리얼관리/serials.db
2026-01-30 11:36:07,958 - INFO - 설정 파일 저장 완료
2026-01-30 11:36:07,958 - INFO - update_device_info_and_usage 호출: ea920794-39ca-458d-b2ad-4681b6a4aaa7
2026-01-30 11:36:08,042 - INFO - 디바이스 정보 수집 완료: {'hostname': 'lionui-MacBookAir.local', 'ip_address': '218.38.137.28', 'system_manufacturer': 'Apple', 'os_name': 'Darwin', 'os_version': 'Darwin Kernel Version 24.6.0: Mon Jul 14 11:30:51 PDT 2025; root:xnu-11417.140.69~1/RELEASE_ARM64_T8112', 'processor': 'Apple M2', 'registration_date': '2026-01-30 11:36:08', 'system_model': 'Mac14,15', 'total_memory': '8.00GB'}
2026-01-30 11:36:08,044 - INFO - 같은 디바이스 시리얼 정리 시작 - 호스트: lionui-MacBookAir.local, 앱: 블로그자동화
2026-01-30 11:36:08,044 - ERROR - 설정 파일 로드 오류: 'str' object does not support item assignment
2026-01-30 11:36:08,044 - INFO - 보호 대상 시리얼: ... (설정 파일)
2026-01-30 11:36:08,045 - INFO - 정리할 같은 디바이스 시리얼 없음
2026-01-30 11:36:08,045 - INFO - 로컬 DB 업데이트 시도: ea920794-39ca-458d-b2ad-4681b6a4aaa7
2026-01-30 11:36:08,046 - INFO - 로컬 DB 업데이트 완료: ea920794-39ca-458d-b2ad-4681b6a4aaa7 (사용횟수: 3)
2026-01-30 11:36:08,046 - INFO - 서버 업데이트 시도: ea920794-39ca-458d-b2ad-4681b6a4aaa7, 데이터: {'device_info': {'hostname': 'lionui-MacBookAir.local', 'ip_address': '218.38.137.28', 'system_manufacturer': 'Apple', 'os_name': 'Darwin', 'os_version': 'Darwin Kernel Version 24.6.0: Mon Jul 14 11:30:51 PDT 2025; root:xnu-11417.140.69~1/RELEASE_ARM64_T8112', 'processor': 'Apple M2', 'registration_date': '2026-01-30 11:36:08', 'system_model': 'Mac14,15', 'total_memory': '8.00GB', 'app_name': '블로그자동화'}, 'activation_count': 3, 'status': '사용중', 'expiry_date': '2026-07-17'}
2026-01-30 11:36:09,494 - INFO - 서버 업데이트 성공
2026-06-09 09:09:30,560 - INFO - 현재 base_dir: /Users/gm2hapkido/Desktop/라이온개발자/modules
2026-06-09 09:09:30,560 - INFO - 경로 1 시도: /시리얼관리/serials.db
2026-06-09 09:09:30,560 - INFO - ❌ 경로 없음: /시리얼관리/serials.db
2026-06-09 09:09:30,560 - INFO - 경로 2 시도: /Users/gm2hapkido/시리얼관리/serials.db
2026-06-09 09:09:30,560 - INFO - ❌ 경로 없음: /Users/gm2hapkido/시리얼관리/serials.db
2026-06-09 09:09:30,560 - INFO - 경로 3 시도: /Users/시리얼관리/serials.db
2026-06-09 09:09:30,560 - INFO - ❌ 경로 없음: /Users/시리얼관리/serials.db
2026-06-09 09:09:30,560 - ERROR - ❌ 모든 경로에서 시리얼 DB를 찾을 수 없습니다.
2026-06-09 09:09:30,560 - ERROR - 가능한 해결방법:
2026-06-09 09:09:30,560 - ERROR - 1. 시리얼관리 프로그램이 실행 중인지 확인
2026-06-09 09:09:30,560 - ERROR - 2. serials.db 파일이 시리얼관리 폴더에 있는지 확인
2026-06-09 09:09:30,560 - ERROR - 설정 파일 로드 오류: [Errno 1] Operation not permitted: '/Users/gm2hapkido/.blog_automation/config/serial_config.json'
2026-06-09 09:09:30,560 - ERROR - 설정 파일 로드 오류: [Errno 1] Operation not permitted: '/Users/gm2hapkido/.blog_automation/config/serial_config.json'
2026-06-09 09:09:30,560 - INFO - 시리얼 번호 없음 → 입력 필요
