[25728:706662:1008/223816.380932:INFO:components/enterprise/browser/controller/chrome_browser_cloud_management_controller.cc:206] No machine level policy manager exists.
[25728:706662:1008/223817.423251:INFO:CONSOLE:0] "[DOM] Input elements should have autocomplete attributes (suggested: "current-password"): (More info: https://goo.gl/9p2vKq) %o", source: https://nid.naver.com/nidlogin.login (0)
[25728:706662:1008/223817.781639:INFO:CONSOLE:2] "Error", source: https://wtm.pstatic.net/f42d54e/54ca873547d7da4dfa43.js (2)
[25728:706715:1008/223820.361256:ERROR:google_apis/gcm/engine/registration_request.cc:291] Registration response error message: QUOTA_EXCEEDED
[25728:706662:1008/223828.390718:WARNING:content/browser/download/download_manager_impl.cc:704] A download with the same GUID already exists, the new request is ignored.
[25737:706736:1008/223828.694092:WARNING:cc/paint/skottie_wrapper_impl.cc:130] Encountered unknown property node with hash: 559079338
[25737:706736:1008/223828.694156:WARNING:cc/paint/skottie_wrapper_impl.cc:130] Encountered unknown property node with hash: 733108593
[25737:706736:1008/223828.694165:WARNING:cc/paint/skottie_wrapper_impl.cc:130] Encountered unknown property node with hash: 1104477328
[25737:706736:1008/223828.694169:WARNING:cc/paint/skottie_wrapper_impl.cc:130] Encountered unknown property node with hash: 1235441726
[25737:706736:1008/223828.694175:WARNING:cc/paint/skottie_wrapper_impl.cc:130] Encountered unknown property node with hash: 1398109417
[25737:706736:1008/223828.694178:WARNING:cc/paint/skottie_wrapper_impl.cc:130] Encountered unknown property node with hash: 1745445570
[25737:706736:1008/223828.694183:WARNING:cc/paint/skottie_wrapper_impl.cc:130] Encountered unknown property node with hash: 2629264519
[25737:706736:1008/223828.694188:WARNING:cc/paint/skottie_wrapper_impl.cc:130] Encountered unknown property node with hash: 2928374096
[25737:706736:1008/223828.694192:WARNING:cc/paint/skottie_wrapper_impl.cc:130] Encountered unknown property node with hash: 3162947791
[25737:706736:1008/223828.694199:WARNING:cc/paint/skottie_wrapper_impl.cc:130] Encountered unknown property node with hash: 3189316647
[25728:706662:1008/223831.072114:INFO:CONSOLE:2] "Failed to execute 'postMessage' on 'DOMWindow': The target origin provided ('https://shopsquare.naver.com') does not match the recipient window's origin ('https://www.naver.com').", source: https://pm.pstatic.net/resources/js/main.5ca999fc.js?o=www (2)
[25728:706662:1008/223831.072158:INFO:CONSOLE:2] "Failed to execute 'postMessage' on 'DOMWindow': The target origin provided ('https://recoshopping.naver.com') does not match the recipient window's origin ('https://www.naver.com').", source: https://pm.pstatic.net/resources/js/main.5ca999fc.js?o=www (2)
[25738:706761:1008/223831.446456:WARNING:net/spdy/spdy_session.cc:3071] Received HEADERS for invalid stream 95
[25738:706761:1008/223831.462307:WARNING:net/spdy/spdy_session.cc:3071] Received HEADERS for invalid stream 97
[25738:706761:1008/223831.462923:WARNING:net/spdy/spdy_session.cc:3071] Received HEADERS for invalid stream 99
[25738:706761:1008/223831.523980:WARNING:net/spdy/spdy_session.cc:3071] Received HEADERS for invalid stream 101
[25738:706761:1008/223831.530318:WARNING:net/spdy/spdy_session.cc:3071] Received HEADERS for invalid stream 103
[25738:706761:1008/223831.536113:WARNING:net/spdy/spdy_session.cc:3071] Received HEADERS for invalid stream 105
[25738:706761:1008/223831.549658:WARNING:net/spdy/spdy_session.cc:3071] Received HEADERS for invalid stream 107
[25738:706761:1008/223831.549675:WARNING:net/spdy/spdy_session.cc:3071] Received HEADERS for invalid stream 109
[25738:706761:1008/223831.549683:WARNING:net/spdy/spdy_session.cc:3071] Received HEADERS for invalid stream 111
[25738:706761:1008/223831.564131:WARNING:net/spdy/spdy_session.cc:3071] Received HEADERS for invalid stream 113
[25738:706761:1008/223831.579096:WARNING:net/spdy/spdy_session.cc:3071] Received HEADERS for invalid stream 115
[25738:706761:1008/223831.579258:WARNING:net/spdy/spdy_session.cc:3071] Received HEADERS for invalid stream 117
[25728:706662:1008/223852.368611:INFO:CONSOLE:2] "클립보드 읽기 권한 상태: prompt", source: https://feblog.pstatic.net/real/pc/2025.10.01/js/vendor.6794114dd270eb42c37c.js (2)
[25728:706662:1008/223857.169707:INFO:CONSOLE:2] "클립보드 읽기 권한 상태: prompt", source: https://feblog.pstatic.net/real/pc/2025.10.01/js/vendor.6794114dd270eb42c37c.js (2)
[25728:706662:1008/223900.566760:INFO:CONSOLE:2] "클립보드 읽기 권한 상태: prompt", source: https://feblog.pstatic.net/real/pc/2025.10.01/js/vendor.6794114dd270eb42c37c.js (2)
[25728:706662:1008/223903.687629:INFO:CONSOLE:2] "클립보드 읽기 권한 상태: prompt", source: https://feblog.pstatic.net/real/pc/2025.10.01/js/vendor.6794114dd270eb42c37c.js (2)
[25728:706662:1008/223905.647118:INFO:CONSOLE:2] "클립보드 읽기 권한 상태: prompt", source: https://feblog.pstatic.net/real/pc/2025.10.01/js/vendor.6794114dd270eb42c37c.js (2)
[25728:706662:1008/223907.601407:INFO:CONSOLE:2] "클립보드 읽기 권한 상태: prompt", source: https://feblog.pstatic.net/real/pc/2025.10.01/js/vendor.6794114dd270eb42c37c.js (2)
[25728:706662:1008/223908.128382:INFO:CONSOLE:1] "File chooser dialog can only be shown with a user activation.", source: https://editor-static.pstatic.net/e/basic.desktop/1.69.0/se-editor.js?t=1755855480440 (1)
[25728:706662:1008/223909.542440:INFO:CONSOLE:2] "클립보드 읽기 권한 상태: prompt", source: https://feblog.pstatic.net/real/pc/2025.10.01/js/vendor.6794114dd270eb42c37c.js (2)
[25728:706662:1008/223910.063404:INFO:CONSOLE:1] "File chooser dialog can only be shown with a user activation.", source: https://editor-static.pstatic.net/e/basic.desktop/1.69.0/se-editor.js?t=1755855480440 (1)
[25728:706662:1008/223911.475089:INFO:CONSOLE:2] "클립보드 읽기 권한 상태: prompt", source: https://feblog.pstatic.net/real/pc/2025.10.01/js/vendor.6794114dd270eb42c37c.js (2)
[25728:706662:1008/223911.993360:INFO:CONSOLE:1] "File chooser dialog can only be shown with a user activation.", source: https://editor-static.pstatic.net/e/basic.desktop/1.69.0/se-editor.js?t=1755855480440 (1)
[25728:706662:1008/223913.405054:INFO:CONSOLE:2] "클립보드 읽기 권한 상태: prompt", source: https://feblog.pstatic.net/real/pc/2025.10.01/js/vendor.6794114dd270eb42c37c.js (2)
[25728:706662:1008/223913.917917:INFO:CONSOLE:1] "File chooser dialog can only be shown with a user activation.", source: https://editor-static.pstatic.net/e/basic.desktop/1.69.0/se-editor.js?t=1755855480440 (1)
[25728:706662:1008/223915.357709:INFO:CONSOLE:2] "클립보드 읽기 권한 상태: prompt", source: https://feblog.pstatic.net/real/pc/2025.10.01/js/vendor.6794114dd270eb42c37c.js (2)
[25728:706662:1008/223915.881166:INFO:CONSOLE:1] "File chooser dialog can only be shown with a user activation.", source: https://editor-static.pstatic.net/e/basic.desktop/1.69.0/se-editor.js?t=1755855480440 (1)
[25728:706662:1008/223928.670745:INFO:CONSOLE:2] "키보드 입력 차단 및 포커스 정리 완료", source: https://feblog.pstatic.net/real/pc/2025.10.01/js/vendor.6794114dd270eb42c37c.js (2)
[25728:706662:1008/223933.714324:INFO:CONSOLE:2] "=== 최강화된 확인 버튼 찾기 시작 ===", source: https://feblog.pstatic.net/real/pc/2025.10.01/js/vendor.6794114dd270eb42c37c.js (2)
[25728:706662:1008/223933.714479:INFO:CONSOLE:2] "현재 페이지의 모든 버튼 상황:", source: https://feblog.pstatic.net/real/pc/2025.10.01/js/vendor.6794114dd270eb42c37c.js (2)
[25728:706662:1008/223933.714522:INFO:CONSOLE:2] "버튼 1: [object Object]", source: https://feblog.pstatic.net/real/pc/2025.10.01/js/vendor.6794114dd270eb42c37c.js (2)
[25728:706662:1008/223933.714604:INFO:CONSOLE:2] "버튼 2: [object Object]", source: https://feblog.pstatic.net/real/pc/2025.10.01/js/vendor.6794114dd270eb42c37c.js (2)
[25728:706662:1008/223933.714661:INFO:CONSOLE:2] "버튼 3: [object Object]", source: https://feblog.pstatic.net/real/pc/2025.10.01/js/vendor.6794114dd270eb42c37c.js (2)
[25728:706662:1008/223933.714693:INFO:CONSOLE:2] "버튼 4: [object Object]", source: https://feblog.pstatic.net/real/pc/2025.10.01/js/vendor.6794114dd270eb42c37c.js (2)
[25728:706662:1008/223933.714736:INFO:CONSOLE:2] "버튼 5: [object Object]", source: https://feblog.pstatic.net/real/pc/2025.10.01/js/vendor.6794114dd270eb42c37c.js (2)
[25728:706662:1008/223933.714782:INFO:CONSOLE:2] "버튼 6: [object Object]", source: https://feblog.pstatic.net/real/pc/2025.10.01/js/vendor.6794114dd270eb42c37c.js (2)
[25728:706662:1008/223933.714825:INFO:CONSOLE:2] "버튼 7: [object Object]", source: https://feblog.pstatic.net/real/pc/2025.10.01/js/vendor.6794114dd270eb42c37c.js (2)
[25728:706662:1008/223933.714862:INFO:CONSOLE:2] "버튼 8: [object Object]", source: https://feblog.pstatic.net/real/pc/2025.10.01/js/vendor.6794114dd270eb42c37c.js (2)
[25728:706662:1008/223933.714915:INFO:CONSOLE:2] "버튼 9: [object Object]", source: https://feblog.pstatic.net/real/pc/2025.10.01/js/vendor.6794114dd270eb42c37c.js (2)
[25728:706662:1008/223933.714968:INFO:CONSOLE:2] "버튼 10: [object Object]", source: https://feblog.pstatic.net/real/pc/2025.10.01/js/vendor.6794114dd270eb42c37c.js (2)
[25728:706662:1008/223933.715008:INFO:CONSOLE:2] "버튼 11: [object Object]", source: https://feblog.pstatic.net/real/pc/2025.10.01/js/vendor.6794114dd270eb42c37c.js (2)
[25728:706662:1008/223933.715045:INFO:CONSOLE:2] "버튼 12: [object Object]", source: https://feblog.pstatic.net/real/pc/2025.10.01/js/vendor.6794114dd270eb42c37c.js (2)
[25728:706662:1008/223933.715077:INFO:CONSOLE:2] "버튼 13: [object Object]", source: https://feblog.pstatic.net/real/pc/2025.10.01/js/vendor.6794114dd270eb42c37c.js (2)
[25728:706662:1008/223933.715109:INFO:CONSOLE:2] "버튼 14: [object Object]", source: https://feblog.pstatic.net/real/pc/2025.10.01/js/vendor.6794114dd270eb42c37c.js (2)
[25728:706662:1008/223933.715146:INFO:CONSOLE:2] "버튼 15: [object Object]", source: https://feblog.pstatic.net/real/pc/2025.10.01/js/vendor.6794114dd270eb42c37c.js (2)
[25728:706662:1008/223933.715185:INFO:CONSOLE:2] "버튼 16: [object Object]", source: https://feblog.pstatic.net/real/pc/2025.10.01/js/vendor.6794114dd270eb42c37c.js (2)
[25728:706662:1008/223933.715230:INFO:CONSOLE:2] "버튼 17: [object Object]", source: https://feblog.pstatic.net/real/pc/2025.10.01/js/vendor.6794114dd270eb42c37c.js (2)
[25728:706662:1008/223933.715250:INFO:CONSOLE:2] "버튼 18: [object Object]", source: https://feblog.pstatic.net/real/pc/2025.10.01/js/vendor.6794114dd270eb42c37c.js (2)
[25728:706662:1008/223933.715298:INFO:CONSOLE:2] "버튼 19: [object Object]", source: https://feblog.pstatic.net/real/pc/2025.10.01/js/vendor.6794114dd270eb42c37c.js (2)
[25728:706662:1008/223933.715334:INFO:CONSOLE:2] "버튼 20: [object Object]", source: https://feblog.pstatic.net/real/pc/2025.10.01/js/vendor.6794114dd270eb42c37c.js (2)
[25728:706662:1008/223933.715362:INFO:CONSOLE:2] "버튼 21: [object Object]", source: https://feblog.pstatic.net/real/pc/2025.10.01/js/vendor.6794114dd270eb42c37c.js (2)
[25728:706662:1008/223933.715409:INFO:CONSOLE:2] "버튼 22: [object Object]", source: https://feblog.pstatic.net/real/pc/2025.10.01/js/vendor.6794114dd270eb42c37c.js (2)
[25728:706662:1008/223933.715442:INFO:CONSOLE:2] "버튼 23: [object Object]", source: https://feblog.pstatic.net/real/pc/2025.10.01/js/vendor.6794114dd270eb42c37c.js (2)
[25728:706662:1008/223933.715480:INFO:CONSOLE:2] "버튼 24: [object Object]", source: https://feblog.pstatic.net/real/pc/2025.10.01/js/vendor.6794114dd270eb42c37c.js (2)
[25728:706662:1008/223933.715513:INFO:CONSOLE:2] "버튼 25: [object Object]", source: https://feblog.pstatic.net/real/pc/2025.10.01/js/vendor.6794114dd270eb42c37c.js (2)
[25728:706662:1008/223933.715558:INFO:CONSOLE:2] "버튼 26: [object Object]", source: https://feblog.pstatic.net/real/pc/2025.10.01/js/vendor.6794114dd270eb42c37c.js (2)
[25728:706662:1008/223933.715586:INFO:CONSOLE:2] "버튼 27: [object Object]", source: https://feblog.pstatic.net/real/pc/2025.10.01/js/vendor.6794114dd270eb42c37c.js (2)
[25728:706662:1008/223933.715631:INFO:CONSOLE:2] "버튼 28: [object Object]", source: https://feblog.pstatic.net/real/pc/2025.10.01/js/vendor.6794114dd270eb42c37c.js (2)
[25728:706662:1008/223933.715677:INFO:CONSOLE:2] "버튼 29: [object Object]", source: https://feblog.pstatic.net/real/pc/2025.10.01/js/vendor.6794114dd270eb42c37c.js (2)
[25728:706662:1008/223933.715691:INFO:CONSOLE:2] "버튼 30: [object Object]", source: https://feblog.pstatic.net/real/pc/2025.10.01/js/vendor.6794114dd270eb42c37c.js (2)
[25728:706662:1008/223933.715734:INFO:CONSOLE:2] "버튼 31: [object Object]", source: https://feblog.pstatic.net/real/pc/2025.10.01/js/vendor.6794114dd270eb42c37c.js (2)
[25728:706662:1008/223933.715745:INFO:CONSOLE:2] "버튼 32: [object Object]", source: https://feblog.pstatic.net/real/pc/2025.10.01/js/vendor.6794114dd270eb42c37c.js (2)
[25728:706662:1008/223933.715784:INFO:CONSOLE:2] "버튼 33: [object Object]", source: https://feblog.pstatic.net/real/pc/2025.10.01/js/vendor.6794114dd270eb42c37c.js (2)
[25728:706662:1008/223933.715816:INFO:CONSOLE:2] "버튼 34: [object Object]", source: https://feblog.pstatic.net/real/pc/2025.10.01/js/vendor.6794114dd270eb42c37c.js (2)
[25728:706662:1008/223933.715850:INFO:CONSOLE:2] "버튼 35: [object Object]", source: https://feblog.pstatic.net/real/pc/2025.10.01/js/vendor.6794114dd270eb42c37c.js (2)
[25728:706662:1008/223933.715874:INFO:CONSOLE:2] "버튼 36: [object Object]", source: https://feblog.pstatic.net/real/pc/2025.10.01/js/vendor.6794114dd270eb42c37c.js (2)
[25728:706662:1008/223933.715907:INFO:CONSOLE:2] "버튼 37: [object Object]", source: https://feblog.pstatic.net/real/pc/2025.10.01/js/vendor.6794114dd270eb42c37c.js (2)
[25728:706662:1008/223933.715948:INFO:CONSOLE:2] "버튼 38: [object Object]", source: https://feblog.pstatic.net/real/pc/2025.10.01/js/vendor.6794114dd270eb42c37c.js (2)
[25728:706662:1008/223933.715976:INFO:CONSOLE:2] "버튼 39: [object Object]", source: https://feblog.pstatic.net/real/pc/2025.10.01/js/vendor.6794114dd270eb42c37c.js (2)
[25728:706662:1008/223933.716014:INFO:CONSOLE:2] "버튼 40: [object Object]", source: https://feblog.pstatic.net/real/pc/2025.10.01/js/vendor.6794114dd270eb42c37c.js (2)
[25728:706662:1008/223933.716049:INFO:CONSOLE:2] "버튼 41: [object Object]", source: https://feblog.pstatic.net/real/pc/2025.10.01/js/vendor.6794114dd270eb42c37c.js (2)
[25728:706662:1008/223933.716078:INFO:CONSOLE:2] "버튼 42: [object Object]", source: https://feblog.pstatic.net/real/pc/2025.10.01/js/vendor.6794114dd270eb42c37c.js (2)
[25728:706662:1008/223933.716118:INFO:CONSOLE:2] "버튼 43: [object Object]", source: https://feblog.pstatic.net/real/pc/2025.10.01/js/vendor.6794114dd270eb42c37c.js (2)
[25728:706662:1008/223933.716158:INFO:CONSOLE:2] "버튼 45: [object Object]", source: https://feblog.pstatic.net/real/pc/2025.10.01/js/vendor.6794114dd270eb42c37c.js (2)
[25728:706662:1008/223933.716191:INFO:CONSOLE:2] "버튼 47: [object Object]", source: https://feblog.pstatic.net/real/pc/2025.10.01/js/vendor.6794114dd270eb42c37c.js (2)
[25728:706662:1008/223933.716227:INFO:CONSOLE:2] "버튼 51: [object Object]", source: https://feblog.pstatic.net/real/pc/2025.10.01/js/vendor.6794114dd270eb42c37c.js (2)
[25728:706662:1008/223933.716264:INFO:CONSOLE:2] "버튼 55: [object Object]", source: https://feblog.pstatic.net/real/pc/2025.10.01/js/vendor.6794114dd270eb42c37c.js (2)
[25728:706662:1008/223933.716296:INFO:CONSOLE:2] "버튼 58: [object Object]", source: https://feblog.pstatic.net/real/pc/2025.10.01/js/vendor.6794114dd270eb42c37c.js (2)
[25728:706662:1008/223933.716336:INFO:CONSOLE:2] "버튼 59: [object Object]", source: https://feblog.pstatic.net/real/pc/2025.10.01/js/vendor.6794114dd270eb42c37c.js (2)
[25728:706662:1008/223933.716367:INFO:CONSOLE:2] "버튼 61: [object Object]", source: https://feblog.pstatic.net/real/pc/2025.10.01/js/vendor.6794114dd270eb42c37c.js (2)
[25728:706662:1008/223933.716389:INFO:CONSOLE:2] "버튼 62: [object Object]", source: https://feblog.pstatic.net/real/pc/2025.10.01/js/vendor.6794114dd270eb42c37c.js (2)
[25728:706662:1008/223933.716424:INFO:CONSOLE:2] "버튼 64: [object Object]", source: https://feblog.pstatic.net/real/pc/2025.10.01/js/vendor.6794114dd270eb42c37c.js (2)
[25728:706662:1008/223933.716455:INFO:CONSOLE:2] "버튼 65: [object Object]", source: https://feblog.pstatic.net/real/pc/2025.10.01/js/vendor.6794114dd270eb42c37c.js (2)
[25728:706662:1008/223933.716488:INFO:CONSOLE:2] "버튼 67: [object Object]", source: https://feblog.pstatic.net/real/pc/2025.10.01/js/vendor.6794114dd270eb42c37c.js (2)
[25728:706662:1008/223933.716513:INFO:CONSOLE:2] "버튼 68: [object Object]", source: https://feblog.pstatic.net/real/pc/2025.10.01/js/vendor.6794114dd270eb42c37c.js (2)
[25728:706662:1008/223933.716544:INFO:CONSOLE:2] "버튼 70: [object Object]", source: https://feblog.pstatic.net/real/pc/2025.10.01/js/vendor.6794114dd270eb42c37c.js (2)
[25728:706662:1008/223933.716583:INFO:CONSOLE:2] "버튼 71: [object Object]", source: https://feblog.pstatic.net/real/pc/2025.10.01/js/vendor.6794114dd270eb42c37c.js (2)
[25728:706662:1008/223933.716615:INFO:CONSOLE:2] "버튼 73: [object Object]", source: https://feblog.pstatic.net/real/pc/2025.10.01/js/vendor.6794114dd270eb42c37c.js (2)
[25728:706662:1008/223933.716641:INFO:CONSOLE:2] "버튼 74: [object Object]", source: https://feblog.pstatic.net/real/pc/2025.10.01/js/vendor.6794114dd270eb42c37c.js (2)
[25728:706662:1008/223933.716672:INFO:CONSOLE:2] "버튼 77: [object Object]", source: https://feblog.pstatic.net/real/pc/2025.10.01/js/vendor.6794114dd270eb42c37c.js (2)
[25728:706662:1008/223933.716713:INFO:CONSOLE:2] "버튼 97: [object Object]", source: https://feblog.pstatic.net/real/pc/2025.10.01/js/vendor.6794114dd270eb42c37c.js (2)
[25728:706662:1008/223933.716757:INFO:CONSOLE:2] "버튼 98: [object Object]", source: https://feblog.pstatic.net/real/pc/2025.10.01/js/vendor.6794114dd270eb42c37c.js (2)
[25728:706662:1008/223933.716785:INFO:CONSOLE:2] "버튼 99: [object Object]", source: https://feblog.pstatic.net/real/pc/2025.10.01/js/vendor.6794114dd270eb42c37c.js (2)
[25728:706662:1008/223933.716819:INFO:CONSOLE:2] "버튼 100: [object Object]", source: https://feblog.pstatic.net/real/pc/2025.10.01/js/vendor.6794114dd270eb42c37c.js (2)
[25728:706662:1008/223933.716856:INFO:CONSOLE:2] "버튼 101: [object Object]", source: https://feblog.pstatic.net/real/pc/2025.10.01/js/vendor.6794114dd270eb42c37c.js (2)
[25728:706662:1008/223933.716885:INFO:CONSOLE:2] "버튼 102: [object Object]", source: https://feblog.pstatic.net/real/pc/2025.10.01/js/vendor.6794114dd270eb42c37c.js (2)
[25728:706662:1008/223933.716918:INFO:CONSOLE:2] "버튼 103: [object Object]", source: https://feblog.pstatic.net/real/pc/2025.10.01/js/vendor.6794114dd270eb42c37c.js (2)
[25728:706662:1008/223933.716952:INFO:CONSOLE:2] "버튼 104: [object Object]", source: https://feblog.pstatic.net/real/pc/2025.10.01/js/vendor.6794114dd270eb42c37c.js (2)
[25728:706662:1008/223933.716981:INFO:CONSOLE:2] "버튼 105: [object Object]", source: https://feblog.pstatic.net/real/pc/2025.10.01/js/vendor.6794114dd270eb42c37c.js (2)
[25728:706662:1008/223933.717017:INFO:CONSOLE:2] "버튼 106: [object Object]", source: https://feblog.pstatic.net/real/pc/2025.10.01/js/vendor.6794114dd270eb42c37c.js (2)
[25728:706662:1008/223933.717043:INFO:CONSOLE:2] "버튼 107: [object Object]", source: https://feblog.pstatic.net/real/pc/2025.10.01/js/vendor.6794114dd270eb42c37c.js (2)
[25728:706662:1008/223933.717077:INFO:CONSOLE:2] "버튼 108: [object Object]", source: https://feblog.pstatic.net/real/pc/2025.10.01/js/vendor.6794114dd270eb42c37c.js (2)
[25728:706662:1008/223933.717119:INFO:CONSOLE:2] "버튼 109: [object Object]", source: https://feblog.pstatic.net/real/pc/2025.10.01/js/vendor.6794114dd270eb42c37c.js (2)
[25728:706662:1008/223933.717152:INFO:CONSOLE:2] "버튼 110: [object Object]", source: https://feblog.pstatic.net/real/pc/2025.10.01/js/vendor.6794114dd270eb42c37c.js (2)
[25728:706662:1008/223933.717189:INFO:CONSOLE:2] "버튼 111: [object Object]", source: https://feblog.pstatic.net/real/pc/2025.10.01/js/vendor.6794114dd270eb42c37c.js (2)
[25728:706662:1008/223933.717209:INFO:CONSOLE:2] "버튼 112: [object Object]", source: https://feblog.pstatic.net/real/pc/2025.10.01/js/vendor.6794114dd270eb42c37c.js (2)
[25728:706662:1008/223933.717251:INFO:CONSOLE:2] "버튼 113: [object Object]", source: https://feblog.pstatic.net/real/pc/2025.10.01/js/vendor.6794114dd270eb42c37c.js (2)
[25728:706662:1008/223933.717315:INFO:CONSOLE:2] "버튼 124: [object Object]", source: https://feblog.pstatic.net/real/pc/2025.10.01/js/vendor.6794114dd270eb42c37c.js (2)
[25728:706662:1008/223933.717344:INFO:CONSOLE:2] "버튼 125: [object Object]", source: https://feblog.pstatic.net/real/pc/2025.10.01/js/vendor.6794114dd270eb42c37c.js (2)
[25728:706662:1008/223933.717375:INFO:CONSOLE:2] "버튼 126: [object Object]", source: https://feblog.pstatic.net/real/pc/2025.10.01/js/vendor.6794114dd270eb42c37c.js (2)
[25728:706662:1008/223933.717447:INFO:CONSOLE:2] "버튼 127: [object Object]", source: https://feblog.pstatic.net/real/pc/2025.10.01/js/vendor.6794114dd270eb42c37c.js (2)
[25728:706662:1008/223933.717464:INFO:CONSOLE:2] "버튼 128: [object Object]", source: https://feblog.pstatic.net/real/pc/2025.10.01/js/vendor.6794114dd270eb42c37c.js (2)
[25728:706662:1008/223933.717474:INFO:CONSOLE:2] "버튼 129: [object Object]", source: https://feblog.pstatic.net/real/pc/2025.10.01/js/vendor.6794114dd270eb42c37c.js (2)
[25728:706662:1008/223933.717504:INFO:CONSOLE:2] "버튼 130: [object Object]", source: https://feblog.pstatic.net/real/pc/2025.10.01/js/vendor.6794114dd270eb42c37c.js (2)
[25728:706662:1008/223933.717598:INFO:CONSOLE:2] "버튼 131: [object Object]", source: https://feblog.pstatic.net/real/pc/2025.10.01/js/vendor.6794114dd270eb42c37c.js (2)
[25728:706662:1008/223933.717614:INFO:CONSOLE:2] "버튼 132: [object Object]", source: https://feblog.pstatic.net/real/pc/2025.10.01/js/vendor.6794114dd270eb42c37c.js (2)
[25728:706662:1008/223933.717622:INFO:CONSOLE:2] "버튼 133: [object Object]", source: https://feblog.pstatic.net/real/pc/2025.10.01/js/vendor.6794114dd270eb42c37c.js (2)
[25728:706662:1008/223933.717631:INFO:CONSOLE:2] "버튼 134: [object Object]", source: https://feblog.pstatic.net/real/pc/2025.10.01/js/vendor.6794114dd270eb42c37c.js (2)
[25728:706662:1008/223933.717661:INFO:CONSOLE:2] "버튼 135: [object Object]", source: https://feblog.pstatic.net/real/pc/2025.10.01/js/vendor.6794114dd270eb42c37c.js (2)
[25728:706662:1008/223933.717675:INFO:CONSOLE:2] "버튼 136: [object Object]", source: https://feblog.pstatic.net/real/pc/2025.10.01/js/vendor.6794114dd270eb42c37c.js (2)
[25728:706662:1008/223933.717704:INFO:CONSOLE:2] "버튼 137: [object Object]", source: https://feblog.pstatic.net/real/pc/2025.10.01/js/vendor.6794114dd270eb42c37c.js (2)
[25728:706662:1008/223933.717739:INFO:CONSOLE:2] "버튼 138: [object Object]", source: https://feblog.pstatic.net/real/pc/2025.10.01/js/vendor.6794114dd270eb42c37c.js (2)
[25728:706662:1008/223933.717770:INFO:CONSOLE:2] "버튼 139: [object Object]", source: https://feblog.pstatic.net/real/pc/2025.10.01/js/vendor.6794114dd270eb42c37c.js (2)
[25728:706662:1008/223933.717794:INFO:CONSOLE:2] "1단계: 정확한 선택자로 시도...", source: https://feblog.pstatic.net/real/pc/2025.10.01/js/vendor.6794114dd270eb42c37c.js (2)
[25728:706662:1008/223933.717865:INFO:CONSOLE:2] "✅ 정확한 선택자로 확인 버튼 클릭: button.se-popup-button-confirm", source: https://feblog.pstatic.net/real/pc/2025.10.01/js/vendor.6794114dd270eb42c37c.js (2)
[25728:706662:1008/223935.968884:INFO:CONSOLE:2] "키보드 입력 차단 해제 완료", source: https://feblog.pstatic.net/real/pc/2025.10.01/js/vendor.6794114dd270eb42c37c.js (2)
[25728:706662:1008/223937.775615:INFO:CONSOLE:2] "Google Maps JavaScript API has been loaded directly without loading=async. This can result in suboptimal performance. For best-practice loading patterns please see https://goo.gle/js-api-loading", source: https://feblog.pstatic.net/real/pc/2025.10.01/js/vendor.6794114dd270eb42c37c.js (2)
[25728:706662:1008/223944.075310:INFO:CONSOLE:2] "추가 버튼 발견, 5번 클릭 시도 시작...", source: https://feblog.pstatic.net/real/pc/2025.10.01/js/vendor.6794114dd270eb42c37c.js (2)
[25728:706662:1008/223944.076197:INFO:CONSOLE:2] "1번째 클릭 시도...", source: https://feblog.pstatic.net/real/pc/2025.10.01/js/vendor.6794114dd270eb42c37c.js (2)
[25728:706662:1008/223945.078212:INFO:CONSOLE:2] "2번째 클릭 시도...", source: https://feblog.pstatic.net/real/pc/2025.10.01/js/vendor.6794114dd270eb42c37c.js (2)
[25728:706662:1008/223946.077570:INFO:CONSOLE:2] "3번째 클릭 시도...", source: https://feblog.pstatic.net/real/pc/2025.10.01/js/vendor.6794114dd270eb42c37c.js (2)
[25728:706662:1008/223947.077329:INFO:CONSOLE:2] "4번째 클릭 시도...", source: https://feblog.pstatic.net/real/pc/2025.10.01/js/vendor.6794114dd270eb42c37c.js (2)
[25728:706662:1008/223948.077863:INFO:CONSOLE:2] "5번째 클릭 시도...", source: https://feblog.pstatic.net/real/pc/2025.10.01/js/vendor.6794114dd270eb42c37c.js (2)
[25728:706662:1008/223949.100722:INFO:CONSOLE:2] "정확한 선택자로 확인 버튼 발견", source: https://feblog.pstatic.net/real/pc/2025.10.01/js/vendor.6794114dd270eb42c37c.js (2)
[25728:706662:1008/224039.309949:INFO:CONSOLE:2] "=== 최종 발행 버튼 찾기 시작 ===", source: https://feblog.pstatic.net/real/pc/2025.10.01/js/vendor.6794114dd270eb42c37c.js (2)
[25728:706662:1008/224039.310328:INFO:CONSOLE:2] "🎯 data-testid로 발행 버튼 찾기...", source: https://feblog.pstatic.net/real/pc/2025.10.01/js/vendor.6794114dd270eb42c37c.js (2)
[25728:706662:1008/224039.310379:INFO:CONSOLE:2] "🎯 confirm_btn 클래스로 발행 버튼 찾기...", source: https://feblog.pstatic.net/real/pc/2025.10.01/js/vendor.6794114dd270eb42c37c.js (2)
[25728:706662:1008/224039.310413:INFO:CONSOLE:2] "✅ confirm_btn으로 발행 버튼 발견: [object Object]", source: https://feblog.pstatic.net/real/pc/2025.10.01/js/vendor.6794114dd270eb42c37c.js (2)
[25728:706662:1008/224039.326418:INFO:CONSOLE:2] "✅ confirm_btn 발행 버튼 클릭 완료", source: https://feblog.pstatic.net/real/pc/2025.10.01/js/vendor.6794114dd270eb42c37c.js (2)
[25728:706662:1008/224041.357793:INFO:CONSOLE:275] "Google Maps JavaScript API has been loaded directly without loading=async. This can result in suboptimal performance. For best-practice loading patterns please see https://goo.gle/js-api-loading", source: https://maps.google.co.kr/maps/api/js?v=3&client=gme-nhncorp&language=ko&channel=naver_blog (275)
