[23776:673307:1008/215836.120326:INFO:components/enterprise/browser/controller/chrome_browser_cloud_management_controller.cc:206] No machine level policy manager exists.
[23776:673387:1008/215837.045189:ERROR:base/process/process_mac.cc:98] task_policy_set TASK_SUPPRESSION_POLICY: (os/kern) invalid argument (4)
[23776:673307:1008/215837.259174:INFO:CONSOLE:0] "[DOM] Input elements should have autocomplete attributes (suggested: "current-password"): (More info: https://goo.gl/9p2vKq) %o", source: https://nid.naver.com/nidlogin.login (0)
[23776:673307:1008/215837.771570:INFO:CONSOLE:2] "Error", source: https://wtm.pstatic.net/f42d54e/54ca873547d7da4dfa43.js (2)
[23776:673374:1008/215840.541042:ERROR:google_apis/gcm/engine/registration_request.cc:291] Registration response error message: DEPRECATED_ENDPOINT
[23783:673389:1008/215849.220264:WARNING:cc/paint/skottie_wrapper_impl.cc:130] Encountered unknown property node with hash: 559079338
[23783:673389:1008/215849.220568:WARNING:cc/paint/skottie_wrapper_impl.cc:130] Encountered unknown property node with hash: 733108593
[23783:673389:1008/215849.220585:WARNING:cc/paint/skottie_wrapper_impl.cc:130] Encountered unknown property node with hash: 1104477328
[23783:673389:1008/215849.220592:WARNING:cc/paint/skottie_wrapper_impl.cc:130] Encountered unknown property node with hash: 1235441726
[23783:673389:1008/215849.220596:WARNING:cc/paint/skottie_wrapper_impl.cc:130] Encountered unknown property node with hash: 1398109417
[23783:673389:1008/215849.220601:WARNING:cc/paint/skottie_wrapper_impl.cc:130] Encountered unknown property node with hash: 1745445570
[23783:673389:1008/215849.220607:WARNING:cc/paint/skottie_wrapper_impl.cc:130] Encountered unknown property node with hash: 2629264519
[23783:673389:1008/215849.220612:WARNING:cc/paint/skottie_wrapper_impl.cc:130] Encountered unknown property node with hash: 2928374096
[23783:673389:1008/215849.220617:WARNING:cc/paint/skottie_wrapper_impl.cc:130] Encountered unknown property node with hash: 3162947791
[23783:673389:1008/215849.220623:WARNING:cc/paint/skottie_wrapper_impl.cc:130] Encountered unknown property node with hash: 3189316647
[23776:673374:1008/215905.990856:ERROR:google_apis/gcm/engine/registration_request.cc:291] Registration response error message: DEPRECATED_ENDPOINT
[23776:673307:1008/215923.025820:INFO:CONSOLE:2] "클립보드 읽기 권한 상태: prompt", source: https://feblog.pstatic.net/real/pc/2025.10.01/js/vendor.6794114dd270eb42c37c.js (2)
[23776:673307:1008/215928.000958:INFO:CONSOLE:2] "클립보드 읽기 권한 상태: prompt", source: https://feblog.pstatic.net/real/pc/2025.10.01/js/vendor.6794114dd270eb42c37c.js (2)
[23776:673307:1008/215932.140524:INFO:CONSOLE:2] "클립보드 읽기 권한 상태: prompt", source: https://feblog.pstatic.net/real/pc/2025.10.01/js/vendor.6794114dd270eb42c37c.js (2)
[23776:673307:1008/215935.024260:INFO:CONSOLE:2] "클립보드 읽기 권한 상태: prompt", source: https://feblog.pstatic.net/real/pc/2025.10.01/js/vendor.6794114dd270eb42c37c.js (2)
[23776:673307:1008/215936.972589:INFO:CONSOLE:2] "클립보드 읽기 권한 상태: prompt", source: https://feblog.pstatic.net/real/pc/2025.10.01/js/vendor.6794114dd270eb42c37c.js (2)
[23776:673307:1008/215937.491373:INFO:CONSOLE:1] "File chooser dialog can only be shown with a user activation.", source: https://editor-static.pstatic.net/e/basic.desktop/1.69.0/se-editor.js?t=1755855480440 (1)
[23776:673307:1008/215938.975858:INFO:CONSOLE:2] "클립보드 읽기 권한 상태: prompt", source: https://feblog.pstatic.net/real/pc/2025.10.01/js/vendor.6794114dd270eb42c37c.js (2)
[23776:673307:1008/215939.490803:INFO:CONSOLE:1] "File chooser dialog can only be shown with a user activation.", source: https://editor-static.pstatic.net/e/basic.desktop/1.69.0/se-editor.js?t=1755855480440 (1)
[23776:673307:1008/215940.900618:INFO:CONSOLE:2] "클립보드 읽기 권한 상태: prompt", source: https://feblog.pstatic.net/real/pc/2025.10.01/js/vendor.6794114dd270eb42c37c.js (2)
[23776:673307:1008/215941.421078:INFO:CONSOLE:1] "File chooser dialog can only be shown with a user activation.", source: https://editor-static.pstatic.net/e/basic.desktop/1.69.0/se-editor.js?t=1755855480440 (1)
[23776:673307:1008/215942.819833:INFO:CONSOLE:2] "클립보드 읽기 권한 상태: prompt", source: https://feblog.pstatic.net/real/pc/2025.10.01/js/vendor.6794114dd270eb42c37c.js (2)
[23776:673307:1008/215943.600151:INFO:CONSOLE:1] "File chooser dialog can only be shown with a user activation.", source: https://editor-static.pstatic.net/e/basic.desktop/1.69.0/se-editor.js?t=1755855480440 (1)
[23776:673307:1008/215945.030744:INFO:CONSOLE:2] "클립보드 읽기 권한 상태: prompt", source: https://feblog.pstatic.net/real/pc/2025.10.01/js/vendor.6794114dd270eb42c37c.js (2)
[23776:673307:1008/215945.551498:INFO:CONSOLE:1] "File chooser dialog can only be shown with a user activation.", source: https://editor-static.pstatic.net/e/basic.desktop/1.69.0/se-editor.js?t=1755855480440 (1)
[23776:673374:1008/215947.559523:ERROR:google_apis/gcm/engine/registration_request.cc:291] Registration response error message: DEPRECATED_ENDPOINT
[23776:673307:1008/215957.207425:INFO:CONSOLE:2] "키보드 입력 차단 및 포커스 정리 완료", source: https://feblog.pstatic.net/real/pc/2025.10.01/js/vendor.6794114dd270eb42c37c.js (2)
[23776:673307:1008/220002.275697:INFO:CONSOLE:2] "=== 최강화된 확인 버튼 찾기 시작 ===", source: https://feblog.pstatic.net/real/pc/2025.10.01/js/vendor.6794114dd270eb42c37c.js (2)
[23776:673307:1008/220002.275750:INFO:CONSOLE:2] "현재 페이지의 모든 버튼 상황:", source: https://feblog.pstatic.net/real/pc/2025.10.01/js/vendor.6794114dd270eb42c37c.js (2)
[23776:673307:1008/220002.276026:INFO:CONSOLE:2] "버튼 1: [object Object]", source: https://feblog.pstatic.net/real/pc/2025.10.01/js/vendor.6794114dd270eb42c37c.js (2)
[23776:673307:1008/220002.278435:INFO:CONSOLE:2] "버튼 2: [object Object]", source: https://feblog.pstatic.net/real/pc/2025.10.01/js/vendor.6794114dd270eb42c37c.js (2)
[23776:673307:1008/220002.278493:INFO:CONSOLE:2] "버튼 3: [object Object]", source: https://feblog.pstatic.net/real/pc/2025.10.01/js/vendor.6794114dd270eb42c37c.js (2)
[23776:673307:1008/220002.278536:INFO:CONSOLE:2] "버튼 4: [object Object]", source: https://feblog.pstatic.net/real/pc/2025.10.01/js/vendor.6794114dd270eb42c37c.js (2)
[23776:673307:1008/220002.278579:INFO:CONSOLE:2] "버튼 5: [object Object]", source: https://feblog.pstatic.net/real/pc/2025.10.01/js/vendor.6794114dd270eb42c37c.js (2)
[23776:673307:1008/220002.278620:INFO:CONSOLE:2] "버튼 6: [object Object]", source: https://feblog.pstatic.net/real/pc/2025.10.01/js/vendor.6794114dd270eb42c37c.js (2)
[23776:673307:1008/220002.278668:INFO:CONSOLE:2] "버튼 7: [object Object]", source: https://feblog.pstatic.net/real/pc/2025.10.01/js/vendor.6794114dd270eb42c37c.js (2)
[23776:673307:1008/220002.278700:INFO:CONSOLE:2] "버튼 8: [object Object]", source: https://feblog.pstatic.net/real/pc/2025.10.01/js/vendor.6794114dd270eb42c37c.js (2)
[23776:673307:1008/220002.278758:INFO:CONSOLE:2] "버튼 9: [object Object]", source: https://feblog.pstatic.net/real/pc/2025.10.01/js/vendor.6794114dd270eb42c37c.js (2)
[23776:673307:1008/220002.278794:INFO:CONSOLE:2] "버튼 10: [object Object]", source: https://feblog.pstatic.net/real/pc/2025.10.01/js/vendor.6794114dd270eb42c37c.js (2)
[23776:673307:1008/220002.278836:INFO:CONSOLE:2] "버튼 11: [object Object]", source: https://feblog.pstatic.net/real/pc/2025.10.01/js/vendor.6794114dd270eb42c37c.js (2)
[23776:673307:1008/220002.278878:INFO:CONSOLE:2] "버튼 12: [object Object]", source: https://feblog.pstatic.net/real/pc/2025.10.01/js/vendor.6794114dd270eb42c37c.js (2)
[23776:673307:1008/220002.278921:INFO:CONSOLE:2] "버튼 13: [object Object]", source: https://feblog.pstatic.net/real/pc/2025.10.01/js/vendor.6794114dd270eb42c37c.js (2)
[23776:673307:1008/220002.278950:INFO:CONSOLE:2] "버튼 14: [object Object]", source: https://feblog.pstatic.net/real/pc/2025.10.01/js/vendor.6794114dd270eb42c37c.js (2)
[23776:673307:1008/220002.279001:INFO:CONSOLE:2] "버튼 15: [object Object]", source: https://feblog.pstatic.net/real/pc/2025.10.01/js/vendor.6794114dd270eb42c37c.js (2)
[23776:673307:1008/220002.279039:INFO:CONSOLE:2] "버튼 16: [object Object]", source: https://feblog.pstatic.net/real/pc/2025.10.01/js/vendor.6794114dd270eb42c37c.js (2)
[23776:673307:1008/220002.279085:INFO:CONSOLE:2] "버튼 17: [object Object]", source: https://feblog.pstatic.net/real/pc/2025.10.01/js/vendor.6794114dd270eb42c37c.js (2)
[23776:673307:1008/220002.279115:INFO:CONSOLE:2] "버튼 18: [object Object]", source: https://feblog.pstatic.net/real/pc/2025.10.01/js/vendor.6794114dd270eb42c37c.js (2)
[23776:673307:1008/220002.279144:INFO:CONSOLE:2] "버튼 19: [object Object]", source: https://feblog.pstatic.net/real/pc/2025.10.01/js/vendor.6794114dd270eb42c37c.js (2)
[23776:673307:1008/220002.279185:INFO:CONSOLE:2] "버튼 20: [object Object]", source: https://feblog.pstatic.net/real/pc/2025.10.01/js/vendor.6794114dd270eb42c37c.js (2)
[23776:673307:1008/220002.279228:INFO:CONSOLE:2] "버튼 21: [object Object]", source: https://feblog.pstatic.net/real/pc/2025.10.01/js/vendor.6794114dd270eb42c37c.js (2)
[23776:673307:1008/220002.279265:INFO:CONSOLE:2] "버튼 22: [object Object]", source: https://feblog.pstatic.net/real/pc/2025.10.01/js/vendor.6794114dd270eb42c37c.js (2)
[23776:673307:1008/220002.279302:INFO:CONSOLE:2] "버튼 23: [object Object]", source: https://feblog.pstatic.net/real/pc/2025.10.01/js/vendor.6794114dd270eb42c37c.js (2)
[23776:673307:1008/220002.279331:INFO:CONSOLE:2] "버튼 24: [object Object]", source: https://feblog.pstatic.net/real/pc/2025.10.01/js/vendor.6794114dd270eb42c37c.js (2)
[23776:673307:1008/220002.279393:INFO:CONSOLE:2] "버튼 25: [object Object]", source: https://feblog.pstatic.net/real/pc/2025.10.01/js/vendor.6794114dd270eb42c37c.js (2)
[23776:673307:1008/220002.279431:INFO:CONSOLE:2] "버튼 26: [object Object]", source: https://feblog.pstatic.net/real/pc/2025.10.01/js/vendor.6794114dd270eb42c37c.js (2)
[23776:673307:1008/220002.279471:INFO:CONSOLE:2] "버튼 27: [object Object]", source: https://feblog.pstatic.net/real/pc/2025.10.01/js/vendor.6794114dd270eb42c37c.js (2)
[23776:673307:1008/220002.279527:INFO:CONSOLE:2] "버튼 28: [object Object]", source: https://feblog.pstatic.net/real/pc/2025.10.01/js/vendor.6794114dd270eb42c37c.js (2)
[23776:673307:1008/220002.279544:INFO:CONSOLE:2] "버튼 29: [object Object]", source: https://feblog.pstatic.net/real/pc/2025.10.01/js/vendor.6794114dd270eb42c37c.js (2)
[23776:673307:1008/220002.279575:INFO:CONSOLE:2] "버튼 30: [object Object]", source: https://feblog.pstatic.net/real/pc/2025.10.01/js/vendor.6794114dd270eb42c37c.js (2)
[23776:673307:1008/220002.279620:INFO:CONSOLE:2] "버튼 31: [object Object]", source: https://feblog.pstatic.net/real/pc/2025.10.01/js/vendor.6794114dd270eb42c37c.js (2)
[23776:673307:1008/220002.279645:INFO:CONSOLE:2] "버튼 32: [object Object]", source: https://feblog.pstatic.net/real/pc/2025.10.01/js/vendor.6794114dd270eb42c37c.js (2)
[23776:673307:1008/220002.279685:INFO:CONSOLE:2] "버튼 33: [object Object]", source: https://feblog.pstatic.net/real/pc/2025.10.01/js/vendor.6794114dd270eb42c37c.js (2)
[23776:673307:1008/220002.279712:INFO:CONSOLE:2] "버튼 34: [object Object]", source: https://feblog.pstatic.net/real/pc/2025.10.01/js/vendor.6794114dd270eb42c37c.js (2)
[23776:673307:1008/220002.279745:INFO:CONSOLE:2] "버튼 35: [object Object]", source: https://feblog.pstatic.net/real/pc/2025.10.01/js/vendor.6794114dd270eb42c37c.js (2)
[23776:673307:1008/220002.279792:INFO:CONSOLE:2] "버튼 36: [object Object]", source: https://feblog.pstatic.net/real/pc/2025.10.01/js/vendor.6794114dd270eb42c37c.js (2)
[23776:673307:1008/220002.279819:INFO:CONSOLE:2] "버튼 37: [object Object]", source: https://feblog.pstatic.net/real/pc/2025.10.01/js/vendor.6794114dd270eb42c37c.js (2)
[23776:673307:1008/220002.279855:INFO:CONSOLE:2] "버튼 38: [object Object]", source: https://feblog.pstatic.net/real/pc/2025.10.01/js/vendor.6794114dd270eb42c37c.js (2)
[23776:673307:1008/220002.279894:INFO:CONSOLE:2] "버튼 39: [object Object]", source: https://feblog.pstatic.net/real/pc/2025.10.01/js/vendor.6794114dd270eb42c37c.js (2)
[23776:673307:1008/220002.279921:INFO:CONSOLE:2] "버튼 40: [object Object]", source: https://feblog.pstatic.net/real/pc/2025.10.01/js/vendor.6794114dd270eb42c37c.js (2)
[23776:673307:1008/220002.279965:INFO:CONSOLE:2] "버튼 41: [object Object]", source: https://feblog.pstatic.net/real/pc/2025.10.01/js/vendor.6794114dd270eb42c37c.js (2)
[23776:673307:1008/220002.279986:INFO:CONSOLE:2] "버튼 42: [object Object]", source: https://feblog.pstatic.net/real/pc/2025.10.01/js/vendor.6794114dd270eb42c37c.js (2)
[23776:673307:1008/220002.280038:INFO:CONSOLE:2] "버튼 43: [object Object]", source: https://feblog.pstatic.net/real/pc/2025.10.01/js/vendor.6794114dd270eb42c37c.js (2)
[23776:673307:1008/220002.280163:INFO:CONSOLE:2] "버튼 45: [object Object]", source: https://feblog.pstatic.net/real/pc/2025.10.01/js/vendor.6794114dd270eb42c37c.js (2)
[23776:673307:1008/220002.280228:INFO:CONSOLE:2] "버튼 47: [object Object]", source: https://feblog.pstatic.net/real/pc/2025.10.01/js/vendor.6794114dd270eb42c37c.js (2)
[23776:673307:1008/220002.280278:INFO:CONSOLE:2] "버튼 51: [object Object]", source: https://feblog.pstatic.net/real/pc/2025.10.01/js/vendor.6794114dd270eb42c37c.js (2)
[23776:673307:1008/220002.280311:INFO:CONSOLE:2] "버튼 55: [object Object]", source: https://feblog.pstatic.net/real/pc/2025.10.01/js/vendor.6794114dd270eb42c37c.js (2)
[23776:673307:1008/220002.280351:INFO:CONSOLE:2] "버튼 56: [object Object]", source: https://feblog.pstatic.net/real/pc/2025.10.01/js/vendor.6794114dd270eb42c37c.js (2)
[23776:673307:1008/220002.280387:INFO:CONSOLE:2] "버튼 59: [object Object]", source: https://feblog.pstatic.net/real/pc/2025.10.01/js/vendor.6794114dd270eb42c37c.js (2)
[23776:673307:1008/220002.280426:INFO:CONSOLE:2] "버튼 60: [object Object]", source: https://feblog.pstatic.net/real/pc/2025.10.01/js/vendor.6794114dd270eb42c37c.js (2)
[23776:673307:1008/220002.280460:INFO:CONSOLE:2] "버튼 63: [object Object]", source: https://feblog.pstatic.net/real/pc/2025.10.01/js/vendor.6794114dd270eb42c37c.js (2)
[23776:673307:1008/220002.280492:INFO:CONSOLE:2] "버튼 64: [object Object]", source: https://feblog.pstatic.net/real/pc/2025.10.01/js/vendor.6794114dd270eb42c37c.js (2)
[23776:673307:1008/220002.280525:INFO:CONSOLE:2] "버튼 67: [object Object]", source: https://feblog.pstatic.net/real/pc/2025.10.01/js/vendor.6794114dd270eb42c37c.js (2)
[23776:673307:1008/220002.280570:INFO:CONSOLE:2] "버튼 68: [object Object]", source: https://feblog.pstatic.net/real/pc/2025.10.01/js/vendor.6794114dd270eb42c37c.js (2)
[23776:673307:1008/220002.280599:INFO:CONSOLE:2] "버튼 71: [object Object]", source: https://feblog.pstatic.net/real/pc/2025.10.01/js/vendor.6794114dd270eb42c37c.js (2)
[23776:673307:1008/220002.280634:INFO:CONSOLE:2] "버튼 72: [object Object]", source: https://feblog.pstatic.net/real/pc/2025.10.01/js/vendor.6794114dd270eb42c37c.js (2)
[23776:673307:1008/220002.280670:INFO:CONSOLE:2] "버튼 75: [object Object]", source: https://feblog.pstatic.net/real/pc/2025.10.01/js/vendor.6794114dd270eb42c37c.js (2)
[23776:673307:1008/220002.280710:INFO:CONSOLE:2] "버튼 76: [object Object]", source: https://feblog.pstatic.net/real/pc/2025.10.01/js/vendor.6794114dd270eb42c37c.js (2)
[23776:673307:1008/220002.280754:INFO:CONSOLE:2] "버튼 79: [object Object]", source: https://feblog.pstatic.net/real/pc/2025.10.01/js/vendor.6794114dd270eb42c37c.js (2)
[23776:673307:1008/220002.280787:INFO:CONSOLE:2] "버튼 99: [object Object]", source: https://feblog.pstatic.net/real/pc/2025.10.01/js/vendor.6794114dd270eb42c37c.js (2)
[23776:673307:1008/220002.280813:INFO:CONSOLE:2] "버튼 100: [object Object]", source: https://feblog.pstatic.net/real/pc/2025.10.01/js/vendor.6794114dd270eb42c37c.js (2)
[23776:673307:1008/220002.280856:INFO:CONSOLE:2] "버튼 101: [object Object]", source: https://feblog.pstatic.net/real/pc/2025.10.01/js/vendor.6794114dd270eb42c37c.js (2)
[23776:673307:1008/220002.280896:INFO:CONSOLE:2] "버튼 102: [object Object]", source: https://feblog.pstatic.net/real/pc/2025.10.01/js/vendor.6794114dd270eb42c37c.js (2)
[23776:673307:1008/220002.280934:INFO:CONSOLE:2] "버튼 103: [object Object]", source: https://feblog.pstatic.net/real/pc/2025.10.01/js/vendor.6794114dd270eb42c37c.js (2)
[23776:673307:1008/220002.280972:INFO:CONSOLE:2] "버튼 104: [object Object]", source: https://feblog.pstatic.net/real/pc/2025.10.01/js/vendor.6794114dd270eb42c37c.js (2)
[23776:673307:1008/220002.281006:INFO:CONSOLE:2] "버튼 105: [object Object]", source: https://feblog.pstatic.net/real/pc/2025.10.01/js/vendor.6794114dd270eb42c37c.js (2)
[23776:673307:1008/220002.281046:INFO:CONSOLE:2] "버튼 106: [object Object]", source: https://feblog.pstatic.net/real/pc/2025.10.01/js/vendor.6794114dd270eb42c37c.js (2)
[23776:673307:1008/220002.281090:INFO:CONSOLE:2] "버튼 107: [object Object]", source: https://feblog.pstatic.net/real/pc/2025.10.01/js/vendor.6794114dd270eb42c37c.js (2)
[23776:673307:1008/220002.281122:INFO:CONSOLE:2] "버튼 108: [object Object]", source: https://feblog.pstatic.net/real/pc/2025.10.01/js/vendor.6794114dd270eb42c37c.js (2)
[23776:673307:1008/220002.281158:INFO:CONSOLE:2] "버튼 109: [object Object]", source: https://feblog.pstatic.net/real/pc/2025.10.01/js/vendor.6794114dd270eb42c37c.js (2)
[23776:673307:1008/220002.281195:INFO:CONSOLE:2] "버튼 110: [object Object]", source: https://feblog.pstatic.net/real/pc/2025.10.01/js/vendor.6794114dd270eb42c37c.js (2)
[23776:673307:1008/220002.281229:INFO:CONSOLE:2] "버튼 111: [object Object]", source: https://feblog.pstatic.net/real/pc/2025.10.01/js/vendor.6794114dd270eb42c37c.js (2)
[23776:673307:1008/220002.281268:INFO:CONSOLE:2] "버튼 112: [object Object]", source: https://feblog.pstatic.net/real/pc/2025.10.01/js/vendor.6794114dd270eb42c37c.js (2)
[23776:673307:1008/220002.281299:INFO:CONSOLE:2] "버튼 113: [object Object]", source: https://feblog.pstatic.net/real/pc/2025.10.01/js/vendor.6794114dd270eb42c37c.js (2)
[23776:673307:1008/220002.281323:INFO:CONSOLE:2] "버튼 114: [object Object]", source: https://feblog.pstatic.net/real/pc/2025.10.01/js/vendor.6794114dd270eb42c37c.js (2)
[23776:673307:1008/220002.281367:INFO:CONSOLE:2] "버튼 125: [object Object]", source: https://feblog.pstatic.net/real/pc/2025.10.01/js/vendor.6794114dd270eb42c37c.js (2)
[23776:673307:1008/220002.281404:INFO:CONSOLE:2] "버튼 126: [object Object]", source: https://feblog.pstatic.net/real/pc/2025.10.01/js/vendor.6794114dd270eb42c37c.js (2)
[23776:673307:1008/220002.281446:INFO:CONSOLE:2] "버튼 127: [object Object]", source: https://feblog.pstatic.net/real/pc/2025.10.01/js/vendor.6794114dd270eb42c37c.js (2)
[23776:673307:1008/220002.281486:INFO:CONSOLE:2] "버튼 129: [object Object]", source: https://feblog.pstatic.net/real/pc/2025.10.01/js/vendor.6794114dd270eb42c37c.js (2)
[23776:673307:1008/220002.281512:INFO:CONSOLE:2] "버튼 130: [object Object]", source: https://feblog.pstatic.net/real/pc/2025.10.01/js/vendor.6794114dd270eb42c37c.js (2)
[23776:673307:1008/220002.281549:INFO:CONSOLE:2] "버튼 131: [object Object]", source: https://feblog.pstatic.net/real/pc/2025.10.01/js/vendor.6794114dd270eb42c37c.js (2)
[23776:673307:1008/220002.281585:INFO:CONSOLE:2] "버튼 132: [object Object]", source: https://feblog.pstatic.net/real/pc/2025.10.01/js/vendor.6794114dd270eb42c37c.js (2)
[23776:673307:1008/220002.281623:INFO:CONSOLE:2] "버튼 133: [object Object]", source: https://feblog.pstatic.net/real/pc/2025.10.01/js/vendor.6794114dd270eb42c37c.js (2)
[23776:673307:1008/220002.281643:INFO:CONSOLE:2] "버튼 134: [object Object]", source: https://feblog.pstatic.net/real/pc/2025.10.01/js/vendor.6794114dd270eb42c37c.js (2)
[23776:673307:1008/220002.281683:INFO:CONSOLE:2] "버튼 135: [object Object]", source: https://feblog.pstatic.net/real/pc/2025.10.01/js/vendor.6794114dd270eb42c37c.js (2)
[23776:673307:1008/220002.281712:INFO:CONSOLE:2] "버튼 136: [object Object]", source: https://feblog.pstatic.net/real/pc/2025.10.01/js/vendor.6794114dd270eb42c37c.js (2)
[23776:673307:1008/220002.281754:INFO:CONSOLE:2] "버튼 137: [object Object]", source: https://feblog.pstatic.net/real/pc/2025.10.01/js/vendor.6794114dd270eb42c37c.js (2)
[23776:673307:1008/220002.281791:INFO:CONSOLE:2] "버튼 138: [object Object]", source: https://feblog.pstatic.net/real/pc/2025.10.01/js/vendor.6794114dd270eb42c37c.js (2)
[23776:673307:1008/220002.281825:INFO:CONSOLE:2] "버튼 139: [object Object]", source: https://feblog.pstatic.net/real/pc/2025.10.01/js/vendor.6794114dd270eb42c37c.js (2)
[23776:673307:1008/220002.281852:INFO:CONSOLE:2] "버튼 140: [object Object]", source: https://feblog.pstatic.net/real/pc/2025.10.01/js/vendor.6794114dd270eb42c37c.js (2)
[23776:673307:1008/220002.281883:INFO:CONSOLE:2] "1단계: 정확한 선택자로 시도...", source: https://feblog.pstatic.net/real/pc/2025.10.01/js/vendor.6794114dd270eb42c37c.js (2)
[23776:673307:1008/220002.281958:INFO:CONSOLE:2] "✅ 정확한 선택자로 확인 버튼 클릭: button.se-popup-button-confirm", source: https://feblog.pstatic.net/real/pc/2025.10.01/js/vendor.6794114dd270eb42c37c.js (2)
[23776:673307:1008/220004.565166:INFO:CONSOLE:2] "키보드 입력 차단 해제 완료", source: https://feblog.pstatic.net/real/pc/2025.10.01/js/vendor.6794114dd270eb42c37c.js (2)
[23776:673307:1008/220006.183043:INFO:CONSOLE:2] "Google Maps JavaScript API has been loaded directly without loading=async. This can result in suboptimal performance. For best-practice loading patterns please see https://goo.gle/js-api-loading", source: https://feblog.pstatic.net/real/pc/2025.10.01/js/vendor.6794114dd270eb42c37c.js (2)
[23776:673307:1008/220012.503553:INFO:CONSOLE:2] "추가 버튼 발견, 5번 클릭 시도 시작...", source: https://feblog.pstatic.net/real/pc/2025.10.01/js/vendor.6794114dd270eb42c37c.js (2)
[23776:673307:1008/220012.504370:INFO:CONSOLE:2] "1번째 클릭 시도...", source: https://feblog.pstatic.net/real/pc/2025.10.01/js/vendor.6794114dd270eb42c37c.js (2)
[23776:673307:1008/220013.504802:INFO:CONSOLE:2] "2번째 클릭 시도...", source: https://feblog.pstatic.net/real/pc/2025.10.01/js/vendor.6794114dd270eb42c37c.js (2)
[23776:673307:1008/220014.505730:INFO:CONSOLE:2] "3번째 클릭 시도...", source: https://feblog.pstatic.net/real/pc/2025.10.01/js/vendor.6794114dd270eb42c37c.js (2)
[23776:673307:1008/220015.505527:INFO:CONSOLE:2] "4번째 클릭 시도...", source: https://feblog.pstatic.net/real/pc/2025.10.01/js/vendor.6794114dd270eb42c37c.js (2)
[23776:673307:1008/220016.504644:INFO:CONSOLE:2] "5번째 클릭 시도...", source: https://feblog.pstatic.net/real/pc/2025.10.01/js/vendor.6794114dd270eb42c37c.js (2)
[23776:673307:1008/220017.520292:INFO:CONSOLE:2] "정확한 선택자로 확인 버튼 발견", source: https://feblog.pstatic.net/real/pc/2025.10.01/js/vendor.6794114dd270eb42c37c.js (2)
[23776:673307:1008/220109.549701:INFO:CONSOLE:2] "=== 최종 발행 버튼 찾기 시작 ===", source: https://feblog.pstatic.net/real/pc/2025.10.01/js/vendor.6794114dd270eb42c37c.js (2)
[23776:673307:1008/220109.553165:INFO:CONSOLE:2] "🎯 data-testid로 발행 버튼 찾기...", source: https://feblog.pstatic.net/real/pc/2025.10.01/js/vendor.6794114dd270eb42c37c.js (2)
[23776:673307:1008/220109.553263:INFO:CONSOLE:2] "🎯 confirm_btn 클래스로 발행 버튼 찾기...", source: https://feblog.pstatic.net/real/pc/2025.10.01/js/vendor.6794114dd270eb42c37c.js (2)
[23776:673307:1008/220109.555639:INFO:CONSOLE:2] "✅ confirm_btn으로 발행 버튼 발견: [object Object]", source: https://feblog.pstatic.net/real/pc/2025.10.01/js/vendor.6794114dd270eb42c37c.js (2)
[23776:673307:1008/220109.605169:INFO:CONSOLE:2] "✅ confirm_btn 발행 버튼 클릭 완료", source: https://feblog.pstatic.net/real/pc/2025.10.01/js/vendor.6794114dd270eb42c37c.js (2)
[23776:673374:1008/220110.582430:ERROR:google_apis/gcm/engine/registration_request.cc:291] Registration response error message: DEPRECATED_ENDPOINT
[23776:673307:1008/220113.255821:INFO:CONSOLE:275] "Google Maps JavaScript API has been loaded directly without loading=async. This can result in suboptimal performance. For best-practice loading patterns please see https://goo.gle/js-api-loading", source: https://maps.google.co.kr/maps/api/js?v=3&client=gme-nhncorp&language=ko&channel=naver_blog (275)
[23776:673374:1008/220452.440026:ERROR:google_apis/gcm/engine/registration_request.cc:291] Registration response error message: DEPRECATED_ENDPOINT
[23776:673374:1008/221207.575736:ERROR:google_apis/gcm/engine/registration_request.cc:291] Registration response error message: QUOTA_EXCEEDED
[23783:673488:1008/223137.208137:ERROR:ui/latency/latency_info.cc:112] CompositorFrameSinkSupport::MaybeSubmitCompositorFrame, LatencyInfo vector size 131 is too big.
[23776:673307:1008/223157.795328:INFO:CONSOLE:2] "클립보드 읽기 권한 상태: granted", source: https://feblog.pstatic.net/real/pc/2025.10.01/js/vendor.6794114dd270eb42c37c.js (2)
[23776:673307:1008/223201.562652:INFO:CONSOLE:2] "클립보드 읽기 권한 상태: granted", source: https://feblog.pstatic.net/real/pc/2025.10.01/js/vendor.6794114dd270eb42c37c.js (2)
[23776:673307:1008/223204.961134:INFO:CONSOLE:2] "클립보드 읽기 권한 상태: granted", source: https://feblog.pstatic.net/real/pc/2025.10.01/js/vendor.6794114dd270eb42c37c.js (2)
[23776:673307:1008/223208.547440:INFO:CONSOLE:2] "클립보드 읽기 권한 상태: granted", source: https://feblog.pstatic.net/real/pc/2025.10.01/js/vendor.6794114dd270eb42c37c.js (2)
[23776:673307:1008/223210.514688:INFO:CONSOLE:2] "클립보드 읽기 권한 상태: granted", source: https://feblog.pstatic.net/real/pc/2025.10.01/js/vendor.6794114dd270eb42c37c.js (2)
[23776:673307:1008/223212.483955:INFO:CONSOLE:2] "클립보드 읽기 권한 상태: granted", source: https://feblog.pstatic.net/real/pc/2025.10.01/js/vendor.6794114dd270eb42c37c.js (2)
[23776:673307:1008/223213.017032:INFO:CONSOLE:1] "File chooser dialog can only be shown with a user activation.", source: https://editor-static.pstatic.net/e/basic.desktop/1.69.0/se-editor.js?t=1755855480440 (1)
[23776:673307:1008/223214.461431:INFO:CONSOLE:2] "클립보드 읽기 권한 상태: granted", source: https://feblog.pstatic.net/real/pc/2025.10.01/js/vendor.6794114dd270eb42c37c.js (2)
[23776:673307:1008/223214.986946:INFO:CONSOLE:1] "File chooser dialog can only be shown with a user activation.", source: https://editor-static.pstatic.net/e/basic.desktop/1.69.0/se-editor.js?t=1755855480440 (1)
[23776:673307:1008/223216.454811:INFO:CONSOLE:2] "클립보드 읽기 권한 상태: granted", source: https://feblog.pstatic.net/real/pc/2025.10.01/js/vendor.6794114dd270eb42c37c.js (2)
[23776:673307:1008/223216.979155:INFO:CONSOLE:1] "File chooser dialog can only be shown with a user activation.", source: https://editor-static.pstatic.net/e/basic.desktop/1.69.0/se-editor.js?t=1755855480440 (1)
[23776:673307:1008/223227.309924:INFO:CONSOLE:2] "키보드 입력 차단 및 포커스 정리 완료", source: https://feblog.pstatic.net/real/pc/2025.10.01/js/vendor.6794114dd270eb42c37c.js (2)
[23776:673307:1008/223232.365107:INFO:CONSOLE:2] "=== 최강화된 확인 버튼 찾기 시작 ===", source: https://feblog.pstatic.net/real/pc/2025.10.01/js/vendor.6794114dd270eb42c37c.js (2)
[23776:673307:1008/223232.365257:INFO:CONSOLE:2] "현재 페이지의 모든 버튼 상황:", source: https://feblog.pstatic.net/real/pc/2025.10.01/js/vendor.6794114dd270eb42c37c.js (2)
[23776:673307:1008/223232.365670:INFO:CONSOLE:2] "버튼 1: [object Object]", source: https://feblog.pstatic.net/real/pc/2025.10.01/js/vendor.6794114dd270eb42c37c.js (2)
[23776:673307:1008/223232.367031:INFO:CONSOLE:2] "버튼 2: [object Object]", source: https://feblog.pstatic.net/real/pc/2025.10.01/js/vendor.6794114dd270eb42c37c.js (2)
[23776:673307:1008/223232.367175:INFO:CONSOLE:2] "버튼 3: [object Object]", source: https://feblog.pstatic.net/real/pc/2025.10.01/js/vendor.6794114dd270eb42c37c.js (2)
[23776:673307:1008/223232.367293:INFO:CONSOLE:2] "버튼 4: [object Object]", source: https://feblog.pstatic.net/real/pc/2025.10.01/js/vendor.6794114dd270eb42c37c.js (2)
[23776:673307:1008/223232.367406:INFO:CONSOLE:2] "버튼 5: [object Object]", source: https://feblog.pstatic.net/real/pc/2025.10.01/js/vendor.6794114dd270eb42c37c.js (2)
[23776:673307:1008/223232.367504:INFO:CONSOLE:2] "버튼 6: [object Object]", source: https://feblog.pstatic.net/real/pc/2025.10.01/js/vendor.6794114dd270eb42c37c.js (2)
[23776:673307:1008/223232.367602:INFO:CONSOLE:2] "버튼 7: [object Object]", source: https://feblog.pstatic.net/real/pc/2025.10.01/js/vendor.6794114dd270eb42c37c.js (2)
[23776:673307:1008/223232.367699:INFO:CONSOLE:2] "버튼 8: [object Object]", source: https://feblog.pstatic.net/real/pc/2025.10.01/js/vendor.6794114dd270eb42c37c.js (2)
[23776:673307:1008/223232.367817:INFO:CONSOLE:2] "버튼 9: [object Object]", source: https://feblog.pstatic.net/real/pc/2025.10.01/js/vendor.6794114dd270eb42c37c.js (2)
[23776:673307:1008/223232.367950:INFO:CONSOLE:2] "버튼 10: [object Object]", source: https://feblog.pstatic.net/real/pc/2025.10.01/js/vendor.6794114dd270eb42c37c.js (2)
[23776:673307:1008/223232.368032:INFO:CONSOLE:2] "버튼 11: [object Object]", source: https://feblog.pstatic.net/real/pc/2025.10.01/js/vendor.6794114dd270eb42c37c.js (2)
[23776:673307:1008/223232.368149:INFO:CONSOLE:2] "버튼 12: [object Object]", source: https://feblog.pstatic.net/real/pc/2025.10.01/js/vendor.6794114dd270eb42c37c.js (2)
[23776:673307:1008/223232.368243:INFO:CONSOLE:2] "버튼 13: [object Object]", source: https://feblog.pstatic.net/real/pc/2025.10.01/js/vendor.6794114dd270eb42c37c.js (2)
[23776:673307:1008/223232.368350:INFO:CONSOLE:2] "버튼 14: [object Object]", source: https://feblog.pstatic.net/real/pc/2025.10.01/js/vendor.6794114dd270eb42c37c.js (2)
[23776:673307:1008/223232.368488:INFO:CONSOLE:2] "버튼 15: [object Object]", source: https://feblog.pstatic.net/real/pc/2025.10.01/js/vendor.6794114dd270eb42c37c.js (2)
[23776:673307:1008/223232.368525:INFO:CONSOLE:2] "버튼 16: [object Object]", source: https://feblog.pstatic.net/real/pc/2025.10.01/js/vendor.6794114dd270eb42c37c.js (2)
[23776:673307:1008/223232.368643:INFO:CONSOLE:2] "버튼 17: [object Object]", source: https://feblog.pstatic.net/real/pc/2025.10.01/js/vendor.6794114dd270eb42c37c.js (2)
[23776:673307:1008/223232.368762:INFO:CONSOLE:2] "버튼 18: [object Object]", source: https://feblog.pstatic.net/real/pc/2025.10.01/js/vendor.6794114dd270eb42c37c.js (2)
[23776:673307:1008/223232.368838:INFO:CONSOLE:2] "버튼 19: [object Object]", source: https://feblog.pstatic.net/real/pc/2025.10.01/js/vendor.6794114dd270eb42c37c.js (2)
[23776:673307:1008/223232.368916:INFO:CONSOLE:2] "버튼 20: [object Object]", source: https://feblog.pstatic.net/real/pc/2025.10.01/js/vendor.6794114dd270eb42c37c.js (2)
[23776:673307:1008/223232.369027:INFO:CONSOLE:2] "버튼 21: [object Object]", source: https://feblog.pstatic.net/real/pc/2025.10.01/js/vendor.6794114dd270eb42c37c.js (2)
[23776:673307:1008/223232.369130:INFO:CONSOLE:2] "버튼 22: [object Object]", source: https://feblog.pstatic.net/real/pc/2025.10.01/js/vendor.6794114dd270eb42c37c.js (2)
[23776:673307:1008/223232.369228:INFO:CONSOLE:2] "버튼 23: [object Object]", source: https://feblog.pstatic.net/real/pc/2025.10.01/js/vendor.6794114dd270eb42c37c.js (2)
[23776:673307:1008/223232.369306:INFO:CONSOLE:2] "버튼 24: [object Object]", source: https://feblog.pstatic.net/real/pc/2025.10.01/js/vendor.6794114dd270eb42c37c.js (2)
[23776:673307:1008/223232.369396:INFO:CONSOLE:2] "버튼 25: [object Object]", source: https://feblog.pstatic.net/real/pc/2025.10.01/js/vendor.6794114dd270eb42c37c.js (2)
[23776:673307:1008/223232.369514:INFO:CONSOLE:2] "버튼 26: [object Object]", source: https://feblog.pstatic.net/real/pc/2025.10.01/js/vendor.6794114dd270eb42c37c.js (2)
[23776:673307:1008/223232.369635:INFO:CONSOLE:2] "버튼 27: [object Object]", source: https://feblog.pstatic.net/real/pc/2025.10.01/js/vendor.6794114dd270eb42c37c.js (2)
[23776:673307:1008/223232.369700:INFO:CONSOLE:2] "버튼 28: [object Object]", source: https://feblog.pstatic.net/real/pc/2025.10.01/js/vendor.6794114dd270eb42c37c.js (2)
[23776:673307:1008/223232.369847:INFO:CONSOLE:2] "버튼 29: [object Object]", source: https://feblog.pstatic.net/real/pc/2025.10.01/js/vendor.6794114dd270eb42c37c.js (2)
[23776:673307:1008/223232.369995:INFO:CONSOLE:2] "버튼 30: [object Object]", source: https://feblog.pstatic.net/real/pc/2025.10.01/js/vendor.6794114dd270eb42c37c.js (2)
[23776:673307:1008/223232.370060:INFO:CONSOLE:2] "버튼 31: [object Object]", source: https://feblog.pstatic.net/real/pc/2025.10.01/js/vendor.6794114dd270eb42c37c.js (2)
[23776:673307:1008/223232.370144:INFO:CONSOLE:2] "버튼 32: [object Object]", source: https://feblog.pstatic.net/real/pc/2025.10.01/js/vendor.6794114dd270eb42c37c.js (2)
[23776:673307:1008/223232.370213:INFO:CONSOLE:2] "버튼 33: [object Object]", source: https://feblog.pstatic.net/real/pc/2025.10.01/js/vendor.6794114dd270eb42c37c.js (2)
[23776:673307:1008/223232.370287:INFO:CONSOLE:2] "버튼 34: [object Object]", source: https://feblog.pstatic.net/real/pc/2025.10.01/js/vendor.6794114dd270eb42c37c.js (2)
[23776:673307:1008/223232.370389:INFO:CONSOLE:2] "버튼 35: [object Object]", source: https://feblog.pstatic.net/real/pc/2025.10.01/js/vendor.6794114dd270eb42c37c.js (2)
[23776:673307:1008/223232.370677:INFO:CONSOLE:2] "버튼 36: [object Object]", source: https://feblog.pstatic.net/real/pc/2025.10.01/js/vendor.6794114dd270eb42c37c.js (2)
[23776:673307:1008/223232.370710:INFO:CONSOLE:2] "버튼 37: [object Object]", source: https://feblog.pstatic.net/real/pc/2025.10.01/js/vendor.6794114dd270eb42c37c.js (2)
[23776:673307:1008/223232.370726:INFO:CONSOLE:2] "버튼 38: [object Object]", source: https://feblog.pstatic.net/real/pc/2025.10.01/js/vendor.6794114dd270eb42c37c.js (2)
[23776:673307:1008/223232.370741:INFO:CONSOLE:2] "버튼 39: [object Object]", source: https://feblog.pstatic.net/real/pc/2025.10.01/js/vendor.6794114dd270eb42c37c.js (2)
[23776:673307:1008/223232.370770:INFO:CONSOLE:2] "버튼 40: [object Object]", source: https://feblog.pstatic.net/real/pc/2025.10.01/js/vendor.6794114dd270eb42c37c.js (2)
[23776:673307:1008/223232.370841:INFO:CONSOLE:2] "버튼 41: [object Object]", source: https://feblog.pstatic.net/real/pc/2025.10.01/js/vendor.6794114dd270eb42c37c.js (2)
[23776:673307:1008/223232.370905:INFO:CONSOLE:2] "버튼 42: [object Object]", source: https://feblog.pstatic.net/real/pc/2025.10.01/js/vendor.6794114dd270eb42c37c.js (2)
[23776:673307:1008/223232.371050:INFO:CONSOLE:2] "버튼 43: [object Object]", source: https://feblog.pstatic.net/real/pc/2025.10.01/js/vendor.6794114dd270eb42c37c.js (2)
[23776:673307:1008/223232.371085:INFO:CONSOLE:2] "버튼 45: [object Object]", source: https://feblog.pstatic.net/real/pc/2025.10.01/js/vendor.6794114dd270eb42c37c.js (2)
[23776:673307:1008/223232.371224:INFO:CONSOLE:2] "버튼 47: [object Object]", source: https://feblog.pstatic.net/real/pc/2025.10.01/js/vendor.6794114dd270eb42c37c.js (2)
[23776:673307:1008/223232.371247:INFO:CONSOLE:2] "버튼 51: [object Object]", source: https://feblog.pstatic.net/real/pc/2025.10.01/js/vendor.6794114dd270eb42c37c.js (2)
[23776:673307:1008/223232.371344:INFO:CONSOLE:2] "버튼 55: [object Object]", source: https://feblog.pstatic.net/real/pc/2025.10.01/js/vendor.6794114dd270eb42c37c.js (2)
[23776:673307:1008/223232.371427:INFO:CONSOLE:2] "버튼 59: [object Object]", source: https://feblog.pstatic.net/real/pc/2025.10.01/js/vendor.6794114dd270eb42c37c.js (2)
[23776:673307:1008/223232.371534:INFO:CONSOLE:2] "버튼 60: [object Object]", source: https://feblog.pstatic.net/real/pc/2025.10.01/js/vendor.6794114dd270eb42c37c.js (2)
[23776:673307:1008/223232.371585:INFO:CONSOLE:2] "버튼 63: [object Object]", source: https://feblog.pstatic.net/real/pc/2025.10.01/js/vendor.6794114dd270eb42c37c.js (2)
[23776:673307:1008/223232.371659:INFO:CONSOLE:2] "버튼 64: [object Object]", source: https://feblog.pstatic.net/real/pc/2025.10.01/js/vendor.6794114dd270eb42c37c.js (2)
[23776:673307:1008/223232.371736:INFO:CONSOLE:2] "버튼 67: [object Object]", source: https://feblog.pstatic.net/real/pc/2025.10.01/js/vendor.6794114dd270eb42c37c.js (2)
[23776:673307:1008/223232.371790:INFO:CONSOLE:2] "버튼 68: [object Object]", source: https://feblog.pstatic.net/real/pc/2025.10.01/js/vendor.6794114dd270eb42c37c.js (2)
[23776:673307:1008/223232.371877:INFO:CONSOLE:2] "버튼 71: [object Object]", source: https://feblog.pstatic.net/real/pc/2025.10.01/js/vendor.6794114dd270eb42c37c.js (2)
[23776:673307:1008/223232.371948:INFO:CONSOLE:2] "버튼 72: [object Object]", source: https://feblog.pstatic.net/real/pc/2025.10.01/js/vendor.6794114dd270eb42c37c.js (2)
[23776:673307:1008/223232.372025:INFO:CONSOLE:2] "버튼 75: [object Object]", source: https://feblog.pstatic.net/real/pc/2025.10.01/js/vendor.6794114dd270eb42c37c.js (2)
[23776:673307:1008/223232.372110:INFO:CONSOLE:2] "버튼 95: [object Object]", source: https://feblog.pstatic.net/real/pc/2025.10.01/js/vendor.6794114dd270eb42c37c.js (2)
[23776:673307:1008/223232.372179:INFO:CONSOLE:2] "버튼 96: [object Object]", source: https://feblog.pstatic.net/real/pc/2025.10.01/js/vendor.6794114dd270eb42c37c.js (2)
[23776:673307:1008/223232.372255:INFO:CONSOLE:2] "버튼 97: [object Object]", source: https://feblog.pstatic.net/real/pc/2025.10.01/js/vendor.6794114dd270eb42c37c.js (2)
[23776:673307:1008/223232.372360:INFO:CONSOLE:2] "버튼 98: [object Object]", source: https://feblog.pstatic.net/real/pc/2025.10.01/js/vendor.6794114dd270eb42c37c.js (2)
[23776:673307:1008/223232.372414:INFO:CONSOLE:2] "버튼 99: [object Object]", source: https://feblog.pstatic.net/real/pc/2025.10.01/js/vendor.6794114dd270eb42c37c.js (2)
[23776:673307:1008/223232.372484:INFO:CONSOLE:2] "버튼 100: [object Object]", source: https://feblog.pstatic.net/real/pc/2025.10.01/js/vendor.6794114dd270eb42c37c.js (2)
[23776:673307:1008/223232.372584:INFO:CONSOLE:2] "버튼 101: [object Object]", source: https://feblog.pstatic.net/real/pc/2025.10.01/js/vendor.6794114dd270eb42c37c.js (2)
[23776:673307:1008/223232.372616:INFO:CONSOLE:2] "버튼 102: [object Object]", source: https://feblog.pstatic.net/real/pc/2025.10.01/js/vendor.6794114dd270eb42c37c.js (2)
[23776:673307:1008/223232.372700:INFO:CONSOLE:2] "버튼 103: [object Object]", source: https://feblog.pstatic.net/real/pc/2025.10.01/js/vendor.6794114dd270eb42c37c.js (2)
[23776:673307:1008/223232.372760:INFO:CONSOLE:2] "버튼 104: [object Object]", source: https://feblog.pstatic.net/real/pc/2025.10.01/js/vendor.6794114dd270eb42c37c.js (2)
[23776:673307:1008/223232.372837:INFO:CONSOLE:2] "버튼 105: [object Object]", source: https://feblog.pstatic.net/real/pc/2025.10.01/js/vendor.6794114dd270eb42c37c.js (2)
[23776:673307:1008/223232.372930:INFO:CONSOLE:2] "버튼 106: [object Object]", source: https://feblog.pstatic.net/real/pc/2025.10.01/js/vendor.6794114dd270eb42c37c.js (2)
[23776:673307:1008/223232.373017:INFO:CONSOLE:2] "버튼 107: [object Object]", source: https://feblog.pstatic.net/real/pc/2025.10.01/js/vendor.6794114dd270eb42c37c.js (2)
[23776:673307:1008/223232.373097:INFO:CONSOLE:2] "버튼 108: [object Object]", source: https://feblog.pstatic.net/real/pc/2025.10.01/js/vendor.6794114dd270eb42c37c.js (2)
[23776:673307:1008/223232.373163:INFO:CONSOLE:2] "버튼 109: [object Object]", source: https://feblog.pstatic.net/real/pc/2025.10.01/js/vendor.6794114dd270eb42c37c.js (2)
[23776:673307:1008/223232.373249:INFO:CONSOLE:2] "버튼 110: [object Object]", source: https://feblog.pstatic.net/real/pc/2025.10.01/js/vendor.6794114dd270eb42c37c.js (2)
[23776:673307:1008/223232.373314:INFO:CONSOLE:2] "버튼 111: [object Object]", source: https://feblog.pstatic.net/real/pc/2025.10.01/js/vendor.6794114dd270eb42c37c.js (2)
[23776:673307:1008/223232.373383:INFO:CONSOLE:2] "버튼 112: [object Object]", source: https://feblog.pstatic.net/real/pc/2025.10.01/js/vendor.6794114dd270eb42c37c.js (2)
[23776:673307:1008/223232.373468:INFO:CONSOLE:2] "버튼 113: [object Object]", source: https://feblog.pstatic.net/real/pc/2025.10.01/js/vendor.6794114dd270eb42c37c.js (2)
[23776:673307:1008/223232.373521:INFO:CONSOLE:2] "버튼 114: [object Object]", source: https://feblog.pstatic.net/real/pc/2025.10.01/js/vendor.6794114dd270eb42c37c.js (2)
[23776:673307:1008/223232.373587:INFO:CONSOLE:2] "버튼 115: [object Object]", source: https://feblog.pstatic.net/real/pc/2025.10.01/js/vendor.6794114dd270eb42c37c.js (2)
[23776:673307:1008/223232.373660:INFO:CONSOLE:2] "버튼 116: [object Object]", source: https://feblog.pstatic.net/real/pc/2025.10.01/js/vendor.6794114dd270eb42c37c.js (2)
[23776:673307:1008/223232.373718:INFO:CONSOLE:2] "버튼 117: [object Object]", source: https://feblog.pstatic.net/real/pc/2025.10.01/js/vendor.6794114dd270eb42c37c.js (2)
[23776:673307:1008/223232.373807:INFO:CONSOLE:2] "버튼 118: [object Object]", source: https://feblog.pstatic.net/real/pc/2025.10.01/js/vendor.6794114dd270eb42c37c.js (2)
[23776:673307:1008/223232.373861:INFO:CONSOLE:2] "버튼 119: [object Object]", source: https://feblog.pstatic.net/real/pc/2025.10.01/js/vendor.6794114dd270eb42c37c.js (2)
[23776:673307:1008/223232.373930:INFO:CONSOLE:2] "버튼 120: [object Object]", source: https://feblog.pstatic.net/real/pc/2025.10.01/js/vendor.6794114dd270eb42c37c.js (2)
[23776:673307:1008/223232.374011:INFO:CONSOLE:2] "1단계: 정확한 선택자로 시도...", source: https://feblog.pstatic.net/real/pc/2025.10.01/js/vendor.6794114dd270eb42c37c.js (2)
[23776:673307:1008/223232.374111:INFO:CONSOLE:2] "✅ 정확한 선택자로 확인 버튼 클릭: button.se-popup-button-confirm", source: https://feblog.pstatic.net/real/pc/2025.10.01/js/vendor.6794114dd270eb42c37c.js (2)
[23776:673307:1008/223234.655172:INFO:CONSOLE:2] "키보드 입력 차단 해제 완료", source: https://feblog.pstatic.net/real/pc/2025.10.01/js/vendor.6794114dd270eb42c37c.js (2)
[23776:673307:1008/223235.782537:INFO:CONSOLE:2] "Google Maps JavaScript API has been loaded directly without loading=async. This can result in suboptimal performance. For best-practice loading patterns please see https://goo.gle/js-api-loading", source: https://feblog.pstatic.net/real/pc/2025.10.01/js/vendor.6794114dd270eb42c37c.js (2)
[23776:673307:1008/223242.593709:INFO:CONSOLE:2] "추가 버튼 발견, 5번 클릭 시도 시작...", source: https://feblog.pstatic.net/real/pc/2025.10.01/js/vendor.6794114dd270eb42c37c.js (2)
[23776:673307:1008/223242.594576:INFO:CONSOLE:2] "1번째 클릭 시도...", source: https://feblog.pstatic.net/real/pc/2025.10.01/js/vendor.6794114dd270eb42c37c.js (2)
[23776:673307:1008/223243.595622:INFO:CONSOLE:2] "2번째 클릭 시도...", source: https://feblog.pstatic.net/real/pc/2025.10.01/js/vendor.6794114dd270eb42c37c.js (2)
[23776:673307:1008/223244.596257:INFO:CONSOLE:2] "3번째 클릭 시도...", source: https://feblog.pstatic.net/real/pc/2025.10.01/js/vendor.6794114dd270eb42c37c.js (2)
[23776:673307:1008/223245.595156:INFO:CONSOLE:2] "4번째 클릭 시도...", source: https://feblog.pstatic.net/real/pc/2025.10.01/js/vendor.6794114dd270eb42c37c.js (2)
[23776:673307:1008/223246.595596:INFO:CONSOLE:2] "5번째 클릭 시도...", source: https://feblog.pstatic.net/real/pc/2025.10.01/js/vendor.6794114dd270eb42c37c.js (2)
[23776:673307:1008/223247.618369:INFO:CONSOLE:2] "정확한 선택자로 확인 버튼 발견", source: https://feblog.pstatic.net/real/pc/2025.10.01/js/vendor.6794114dd270eb42c37c.js (2)
[23776:673307:1008/223337.817552:INFO:CONSOLE:2] "=== 최종 발행 버튼 찾기 시작 ===", source: https://feblog.pstatic.net/real/pc/2025.10.01/js/vendor.6794114dd270eb42c37c.js (2)
[23776:673307:1008/223337.817895:INFO:CONSOLE:2] "🎯 data-testid로 발행 버튼 찾기...", source: https://feblog.pstatic.net/real/pc/2025.10.01/js/vendor.6794114dd270eb42c37c.js (2)
[23776:673307:1008/223337.817993:INFO:CONSOLE:2] "🎯 confirm_btn 클래스로 발행 버튼 찾기...", source: https://feblog.pstatic.net/real/pc/2025.10.01/js/vendor.6794114dd270eb42c37c.js (2)
[23776:673307:1008/223337.818238:INFO:CONSOLE:2] "✅ confirm_btn으로 발행 버튼 발견: [object Object]", source: https://feblog.pstatic.net/real/pc/2025.10.01/js/vendor.6794114dd270eb42c37c.js (2)
[23776:673307:1008/223337.848130:INFO:CONSOLE:2] "✅ confirm_btn 발행 버튼 클릭 완료", source: https://feblog.pstatic.net/real/pc/2025.10.01/js/vendor.6794114dd270eb42c37c.js (2)
[23776:673307:1008/223339.150846:INFO:CONSOLE:275] "Google Maps JavaScript API has been loaded directly without loading=async. This can result in suboptimal performance. For best-practice loading patterns please see https://goo.gle/js-api-loading", source: https://maps.google.co.kr/maps/api/js?v=3&client=gme-nhncorp&language=ko&channel=naver_blog (275)
[23776:673374:1008/223417.974935:ERROR:google_apis/gcm/engine/connection_factory_impl.cc:483] ConnectionHandler failed with net error: -2
[23776:673322:1008/223417.981398:INFO:third_party/crashpad/crashpad/client/crashpad_client_mac.cc:313] restarting handler
[23776:673307:1008/223417.984298:ERROR:content/browser/network_service_instance_impl.cc:599] Network service crashed, restarting service.
[23776:673307:1008/223417.996253:ERROR:content/browser/gpu/gpu_process_host.cc:970] GPU process exited unexpectedly: exit_code=15
[23776:673307:1008/223417.996283:WARNING:content/browser/gpu/gpu_process_host.cc:1412] The GPU process has crashed 1 time(s)
[23776:673307:1008/223418.014270:WARNING:chrome/browser/ui/sad_tab.cc:257] Tab Killed: https://blog.naver.com/
[25335:701436:1008/223418.189241:WARNING:components/prefs/pref_notifier_impl.cc:26] Init observer found at shutdown.
[23776:673322:1008/223418.201511:INFO:third_party/crashpad/crashpad/client/crashpad_client_mac.cc:307] restarting handler in 0.780s
